Archive member included to satisfy reference by file (symbol)

/opt/devkitpro/libnx/lib/libnx.a(switch_crt0.o)
                              (_start)
/opt/devkitpro/libnx/lib/libnx.a(dynamic.o)
                              /opt/devkitpro/libnx/lib/libnx.a(switch_crt0.o) (__nx_dynamic)
/opt/devkitpro/libnx/lib/libnx.a(init.o)
                              /opt/devkitpro/libnx/lib/libnx.a(switch_crt0.o) (__libnx_init)
/opt/devkitpro/libnx/lib/libnx.a(env.o)
                              /opt/devkitpro/libnx/lib/libnx.a(init.o) (envSetup)
/opt/devkitpro/libnx/lib/libnx.a(newlib.o)
                              /opt/devkitpro/libnx/lib/libnx.a(init.o) (__libnx_init_time)
/opt/devkitpro/libnx/lib/libnx.a(argv.o)
                              /opt/devkitpro/libnx/lib/libnx.a(init.o) (argvSetup)
/opt/devkitpro/libnx/lib/libnx.a(fs_dev.o)
                              /opt/devkitpro/libnx/lib/libnx.a(init.o) (fsdevMountSdmc)
/opt/devkitpro/libnx/lib/libnx.a(decode_utf8.o)
                              /opt/devkitpro/libnx/lib/libnx.a(fs_dev.o) (decode_utf8)
/opt/devkitpro/libnx/lib/libnx.a(svc.o)
                              /opt/devkitpro/libnx/lib/libnx.a(init.o) (svcSetHeapSize)
/opt/devkitpro/libnx/lib/libnx.a(readtp.o)
                              /opt/devkitpro/libnx/lib/libnx.a(fs_dev.o) (__aarch64_read_tp)
/opt/devkitpro/libnx/lib/libnx.a(mutex.o)
                              /opt/devkitpro/libnx/lib/libnx.a(newlib.o) (mutexLock)
/opt/devkitpro/libnx/lib/libnx.a(virtmem.o)
                              /opt/devkitpro/libnx/lib/libnx.a(init.o) (virtmemSetup)
/opt/devkitpro/libnx/lib/libnx.a(applet.o)
                              /opt/devkitpro/libnx/lib/libnx.a(init.o) (__nx_applet_type)
/opt/devkitpro/libnx/lib/libnx.a(time.o)
                              /opt/devkitpro/libnx/lib/libnx.a(init.o) (timeExit)
/opt/devkitpro/libnx/lib/libnx.a(hid.o)
                              /opt/devkitpro/libnx/lib/libnx.a(init.o) (hidExit)
/opt/devkitpro/libnx/lib/libnx.a(apm.o)
                              /opt/devkitpro/libnx/lib/libnx.a(applet.o) (apmExit)
/opt/devkitpro/libnx/lib/libnx.a(sm.o)
                              /opt/devkitpro/libnx/lib/libnx.a(env.o) (smAddOverrideHandle)
/opt/devkitpro/libnx/lib/libnx.a(fatal.o)
                              /opt/devkitpro/libnx/lib/libnx.a(dynamic.o) (fatalSimple)
/opt/devkitpro/libnx/lib/libnx.a(fs.o)
                              /opt/devkitpro/libnx/lib/libnx.a(init.o) (fsInitialize)
/opt/devkitpro/libnx/lib/libnx.a(nxlink.o)
                              /opt/devkitpro/libnx/lib/libnx.a(argv.o) (nxlinkSetup)
/opt/devkitpro/libnx/lib/libnx.a(detect.o)
                              /opt/devkitpro/libnx/lib/libnx.a(applet.o) (kernelAbove200)
/opt/devkitpro/libnx/lib/libnx.a(shmem.o)
                              /opt/devkitpro/libnx/lib/libnx.a(hid.o) (shmemLoadRemote)
/opt/devkitpro/libnx/lib/libnx.a(rwlock.o)
                              /opt/devkitpro/libnx/lib/libnx.a(hid.o) (rwlockReadLock)
/opt/devkitpro/libnx/lib/libnx.a(tmem.o)
                              /opt/devkitpro/libnx/lib/libnx.a(applet.o) (tmemCreate)
/opt/devkitpro/libnx/lib/libnx.a(event.o)
                              /opt/devkitpro/libnx/lib/libnx.a(applet.o) (eventLoadRemote)
/opt/devkitpro/devkitA64/lib/gcc/aarch64-none-elf/8.2.0/../../../../aarch64-none-elf/lib/pic/libg.a(lib_a-bsearch.o)
                              /opt/devkitpro/libnx/lib/libnx.a(fs_dev.o) (bsearch)
/opt/devkitpro/devkitA64/lib/gcc/aarch64-none-elf/8.2.0/../../../../aarch64-none-elf/lib/pic/libg.a(lib_a-errno.o)
                              /opt/devkitpro/libnx/lib/libnx.a(newlib.o) (__errno)
/opt/devkitpro/devkitA64/lib/gcc/aarch64-none-elf/8.2.0/../../../../aarch64-none-elf/lib/pic/libg.a(lib_a-exit.o)
                              /opt/devkitpro/libnx/lib/libnx.a(switch_crt0.o) (exit)
/opt/devkitpro/devkitA64/lib/gcc/aarch64-none-elf/8.2.0/../../../../aarch64-none-elf/lib/pic/libg.a(lib_a-fini.o)
                              /opt/devkitpro/libnx/lib/libnx.a(init.o) (__libc_fini_array)
/opt/devkitpro/devkitA64/lib/gcc/aarch64-none-elf/8.2.0/../../../../aarch64-none-elf/lib/pic/libg.a(lib_a-impure.o)
                              /opt/devkitpro/devkitA64/lib/gcc/aarch64-none-elf/8.2.0/../../../../aarch64-none-elf/lib/pic/libg.a(lib_a-exit.o) (_global_impure_ptr)
/opt/devkitpro/devkitA64/lib/gcc/aarch64-none-elf/8.2.0/../../../../aarch64-none-elf/lib/pic/libg.a(lib_a-init.o)
                              /opt/devkitpro/libnx/lib/libnx.a(init.o) (__libc_init_array)
/opt/devkitpro/devkitA64/lib/gcc/aarch64-none-elf/8.2.0/../../../../aarch64-none-elf/lib/pic/libg.a(lib_a-localeconv.o)
                              /tmp/cckGckAg.o (localeconv)
/opt/devkitpro/devkitA64/lib/gcc/aarch64-none-elf/8.2.0/../../../../aarch64-none-elf/lib/pic/libg.a(lib_a-locale.o)
[...]
Memory Configuration

Name             Origin             Length             Attributes
*default*        0x0000000000000000 0xffffffffffffffff

Linker script and memory map

                0x0000000000000000                PROVIDE (__start__ = 0x0)
                0x0000000000000000                . = __start__

.crt0           0x0000000000000000      0x130
 *(.crt0)
 .crt0          0x0000000000000000      0x130 /opt/devkitpro/libnx/lib/libnx.a(switch_crt0.o)
                0x0000000000000000                _start
                0x0000000000000104                __nx_exit
                0x0000000000000114                __nx_mod0
                0x0000000000000130                . = ALIGN (0x8)

.init           0x0000000000000130       0x38
 *(.init)
 .init          0x0000000000000130       0x18 /opt/devkitpro/devkitA64/lib/gcc/aarch64-none-elf/8.2.0/pic/crti.o
                0x0000000000000130                _init
 .init          0x0000000000000148       0x1c /opt/devkitpro/devkitA64/lib/gcc/aarch64-none-elf/8.2.0/pic/crtn.o
                0x0000000000000168                . = ALIGN (0x8)
 *fill*         0x0000000000000164        0x4 

.plt            0x0000000000000168        0x0
 *(.plt)
 .plt           0x0000000000000168        0x0 /opt/devkitpro/devkitA64/lib/gcc/aarch64-none-elf/8.2.0/pic/crti.o
 *(.iplt)
                0x0000000000000168                . = ALIGN (0x8)

.text           0x0000000000000180     0xbd40
 *(.text.unlikely .text.*_unlikely .text.unlikely.*)
 *(.text.exit .text.exit.*)
 .text.exit     0x0000000000000180       0x38 /opt/devkitpro/devkitA64/lib/gcc/aarch64-none-elf/8.2.0/../../../../aarch64-none-elf/lib/pic/libg.a(lib_a-exit.o)
                0x0000000000000180                exit
 *(.text.startup .text.startup.*)
 *fill*         0x00000000000001b8        0x8 
 .text.startup.main
                0x00000000000001c0       0x18 /tmp/cckGckAg.o
                0x00000000000001c0                main
 *(.text.hot .text.hot.*)
 *(.text .stub .text.* .gnu.linkonce.t.*)
 .text.deregister_tm_clones
                0x00000000000001d8       0x2c /opt/devkitpro/devkitA64/lib/gcc/aarch64-none-elf/8.2.0/pic/crtbegin.o
 *fill*         0x0000000000000204        0x4 
 .text.register_tm_clones
                0x0000000000000208       0x38 /opt/devkitpro/devkitA64/lib/gcc/aarch64-none-elf/8.2.0/pic/crtbegin.o
 .text.__do_global_dtors_aux
                0x0000000000000240       0x48 /opt/devkitpro/devkitA64/lib/gcc/aarch64-none-elf/8.2.0/pic/crtbegin.o
 .text.frame_dummy
                0x0000000000000288       0x34 /opt/devkitpro/devkitA64/lib/gcc/aarch64-none-elf/8.2.0/pic/crtbegin.o
 *fill*         0x00000000000002bc        0x4 
 .text.__nx_dynamic
                0x00000000000002c0       0xa0 /opt/devkitpro/libnx/lib/libnx.a(dynamic.o)
                0x00000000000002c0                __nx_dynamic
 .text.__libnx_initheap
                0x0000000000000360       0xd8 /opt/devkitpro/libnx/lib/libnx.a(init.o)
                0x0000000000000360                __libnx_initheap
 *fill*         0x0000000000000438        0x8 
 .text.__appInit
                0x0000000000000440       0x90 /opt/devkitpro/libnx/lib/libnx.a(init.o)
                0x0000000000000440                __appInit
 .text.__appExit
                0x00000000000004d0       0x34 /opt/devkitpro/libnx/lib/libnx.a(init.o)
                0x00000000000004d0                __appExit
 *fill*         0x0000000000000504        0xc 
 .text.__libnx_init
                0x0000000000000510       0x28 /opt/devkitpro/libnx/lib/libnx.a(init.o)
                0x0000000000000510                __libnx_init
 *fill*         0x0000000000000538        0x8 
 .text.__libnx_exit
                0x0000000000000540       0x20 /opt/devkitpro/libnx/lib/libnx.a(init.o)
                0x0000000000000540                __libnx_exit
 .text.envSetup
                0x0000000000000560      0x208 /opt/devkitpro/libnx/lib/libnx.a(env.o)
                0x0000000000000560                envSetup
 *fill*         0x0000000000000768        0x8 
 .text.envGetMainThreadHandle
                0x0000000000000770       0x20 /opt/devkitpro/libnx/lib/libnx.a(env.o)
                0x0000000000000770                envGetMainThreadHandle
 .text.envIsNso
                0x0000000000000790        0xc /opt/devkitpro/libnx/lib/libnx.a(env.o)
                0x0000000000000790                envIsNso
 *fill*         0x000000000000079c        0x4 
 .text.envHasHeapOverride
                0x00000000000007a0       0x14 /opt/devkitpro/libnx/lib/libnx.a(env.o)
                0x00000000000007a0                envHasHeapOverride
 *fill*         0x00000000000007b4        0xc 
 .text.envGetHeapOverrideAddr
                0x00000000000007c0        0xc /opt/devkitpro/libnx/lib/libnx.a(env.o)
                0x00000000000007c0                envGetHeapOverrideAddr
 *fill*         0x00000000000007cc        0x4 
 .text.envGetHeapOverrideSize
                0x00000000000007d0        0xc /opt/devkitpro/libnx/lib/libnx.a(env.o)
                0x00000000000007d0                envGetHeapOverrideSize
 *fill*         0x00000000000007dc        0x4 
 .text.envHasArgv
                0x00000000000007e0       0x14 /opt/devkitpro/libnx/lib/libnx.a(env.o)
                0x00000000000007e0                envHasArgv
 *fill*         0x00000000000007f4        0xc 
 .text.envGetArgv
                0x0000000000000800        0xc /opt/devkitpro/libnx/lib/libnx.a(env.o)
                0x0000000000000800                envGetArgv
 *fill*         0x000000000000080c        0x4 
 .text.envGetExitFuncPtr
                0x0000000000000810        0xc /opt/devkitpro/libnx/lib/libnx.a(env.o)
                0x0000000000000810                envGetExitFuncPtr
 *fill*         0x000000000000081c        0x4 
 .text.envSetExitFuncPtr
                0x0000000000000820        0xc /opt/devkitpro/libnx/lib/libnx.a(env.o)
                0x0000000000000820                envSetExitFuncPtr
 *fill*         0x000000000000082c        0x4 
 .text.mutexInit
                0x0000000000000830        0x8 /opt/devkitpro/libnx/lib/libnx.a(newlib.o)
 *fill*         0x0000000000000838        0x8 
 .text.rmutexInit
                0x0000000000000840        0xc /opt/devkitpro/libnx/lib/libnx.a(newlib.o)
 *fill*         0x000000000000084c        0x4 
 .text.__libnx_gtod
                0x0000000000000850       0x8c /opt/devkitpro/libnx/lib/libnx.a(newlib.o)
                0x0000000000000850                __libnx_gtod
 *fill*         0x00000000000008dc        0x4 
 .text.__libnx_clock_settime
                0x00000000000008e0       0x20 /opt/devkitpro/libnx/lib/libnx.a(newlib.o)
                0x00000000000008e0                __libnx_clock_settime
 .text.__libnx_nanosleep
                0x0000000000000900       0x28 /opt/devkitpro/libnx/lib/libnx.a(newlib.o)
                0x0000000000000900                __libnx_nanosleep
 *fill*         0x0000000000000928        0x8 
 .text.__libnx_get_reent
                0x0000000000000930       0x34 /opt/devkitpro/libnx/lib/libnx.a(newlib.o)
 *fill*         0x0000000000000964        0xc 
 .text.__libnx_clock_gettime
                0x0000000000000970       0xf8 /opt/devkitpro/libnx/lib/libnx.a(newlib.o)
                0x0000000000000970                __libnx_clock_gettime
 *fill*         0x0000000000000a68        0x8 
 .text.__libnx_clock_getres
                0x0000000000000a70       0x58 /opt/devkitpro/libnx/lib/libnx.a(newlib.o)
                0x0000000000000a70                __libnx_clock_getres
 *fill*         0x0000000000000ac8        0x8 
 .text.__libnx_init_time
                0x0000000000000ad0      0x27c /opt/devkitpro/libnx/lib/libnx.a(newlib.o)
                0x0000000000000ad0                __libnx_init_time
 *fill*         0x0000000000000d4c        0x4 
 .text.newlibSetup
                0x0000000000000d50      0x118 /opt/devkitpro/libnx/lib/libnx.a(newlib.o)
                0x0000000000000d50                newlibSetup
 *fill*         0x0000000000000e68        0x8 
 .text.argvSetup
                0x0000000000000e70      0x368 /opt/devkitpro/libnx/lib/libnx.a(argv.o)
                0x0000000000000e70                argvSetup
 *fill*         0x00000000000011d8        0x8 
 .text.fsdev_link
                0x00000000000011e0       0x10 /opt/devkitpro/libnx/lib/libnx.a(fs_dev.o)
 .text.fsdev_dirreset
                0x00000000000011f0       0x10 /opt/devkitpro/libnx/lib/libnx.a(fs_dev.o)
 .text.fsdev_chmod
                0x0000000000001200       0x10 /opt/devkitpro/libnx/lib/libnx.a(fs_dev.o)
 .text.error_cmp
                0x0000000000001210       0x1c /opt/devkitpro/libnx/lib/libnx.a(fs_dev.o)
 *fill*         0x000000000000122c        0x4 
 .text.fsdev_translate_error
                0x0000000000001230       0x58 /opt/devkitpro/libnx/lib/libnx.a(fs_dev.o)
 *fill*         0x0000000000001288        0x8 
 .text.fsdev_fsync
                0x0000000000001290       0x40 /opt/devkitpro/libnx/lib/libnx.a(fs_dev.o)
 .text.fsdev_ftruncate
                0x00000000000012d0       0x60 /opt/devkitpro/libnx/lib/libnx.a(fs_dev.o)
 .text.fsdev_dirclose
                0x0000000000001330       0x20 /opt/devkitpro/libnx/lib/libnx.a(fs_dev.o)
 .text.fsdev_dirnext
                0x0000000000001350      0x16c /opt/devkitpro/libnx/lib/libnx.a(fs_dev.o)
 *fill*         0x00000000000014bc        0x4 
 .text.fsdev_close
                0x00000000000014c0       0x1c /opt/devkitpro/libnx/lib/libnx.a(fs_dev.o)
 *fill*         0x00000000000014dc        0x4 
 .text.fsdev_fstat
                0x00000000000014e0       0x80 /opt/devkitpro/libnx/lib/libnx.a(fs_dev.o)
 .text.fsdev_seek
                0x0000000000001560       0xb0 /opt/devkitpro/libnx/lib/libnx.a(fs_dev.o)
 .text.fsdev_read
                0x0000000000001610      0x198 /opt/devkitpro/libnx/lib/libnx.a(fs_dev.o)
 *fill*         0x00000000000017a8        0x8 
 .text.fsdev_write
                0x00000000000017b0      0x1a0 /opt/devkitpro/libnx/lib/libnx.a(fs_dev.o)
 .text.fsdevFindDevice
                0x0000000000001950      0x120 /opt/devkitpro/libnx/lib/libnx.a(fs_dev.o)
 .text._fsdevMountDevice
                0x0000000000001a70      0x168 /opt/devkitpro/libnx/lib/libnx.a(fs_dev.o)
 *fill*         0x0000000000001bd8        0x8 
 .text.fsdev_getfspath
                0x0000000000001be0      0x1fc /opt/devkitpro/libnx/lib/libnx.a(fs_dev.o)
 *fill*         0x0000000000001ddc        0x4 
 .text.fsdev_rmdir
                0x0000000000001de0       0x70 /opt/devkitpro/libnx/lib/libnx.a(fs_dev.o)
 .text.fsdev_statvfs
                0x0000000000001e50       0xd4 /opt/devkitpro/libnx/lib/libnx.a(fs_dev.o)
 *fill*         0x0000000000001f24        0xc 
 .text.fsdev_diropen
                0x0000000000001f30       0xec /opt/devkitpro/libnx/lib/libnx.a(fs_dev.o)
 *fill*         0x000000000000201c        0x4 
 .text.fsdev_mkdir
                0x0000000000002020       0x70 /opt/devkitpro/libnx/lib/libnx.a(fs_dev.o)
 .text.fsdev_rename
                0x0000000000002090      0x114 /opt/devkitpro/libnx/lib/libnx.a(fs_dev.o)
 *fill*         0x00000000000021a4        0xc 
 .text.fsdev_chdir
                0x00000000000021b0       0xe8 /opt/devkitpro/libnx/lib/libnx.a(fs_dev.o)
 *fill*         0x0000000000002298        0x8 
 .text.fsdev_unlink
                0x00000000000022a0       0x70 /opt/devkitpro/libnx/lib/libnx.a(fs_dev.o)
 .text.fsdev_stat
                0x0000000000002310      0x168 /opt/devkitpro/libnx/lib/libnx.a(fs_dev.o)
 *fill*         0x0000000000002478        0x8 
 .text.fsdev_open
                0x0000000000002480      0x180 /opt/devkitpro/libnx/lib/libnx.a(fs_dev.o)
 .text._fsdevUnmountDeviceStruct.part.4
                0x0000000000002600       0xb8 /opt/devkitpro/libnx/lib/libnx.a(fs_dev.o)
 *fill*         0x00000000000026b8        0x8 
 .text.fsdev_fchmod
                0x00000000000026c0       0x10 /opt/devkitpro/libnx/lib/libnx.a(fs_dev.o)
 .text.fsdevMountSdmc
                0x00000000000026d0      0x158 /opt/devkitpro/libnx/lib/libnx.a(fs_dev.o)
                0x00000000000026d0                fsdevMountSdmc
 *fill*         0x0000000000002828        0x8 
 .text.fsdevUnmountAll
                0x0000000000002830       0x64 /opt/devkitpro/libnx/lib/libnx.a(fs_dev.o)
                0x0000000000002830                fsdevUnmountAll
 *fill*         0x0000000000002894        0xc 
 .text.decode_utf8
                0x00000000000028a0      0x12c /opt/devkitpro/libnx/lib/libnx.a(decode_utf8.o)
                0x00000000000028a0                decode_utf8
 .text.svcSetHeapSize
                0x00000000000029cc       0x14 /opt/devkitpro/libnx/lib/libnx.a(svc.o)
                0x00000000000029cc                svcSetHeapSize
 .text.svcUnmapMemory
                0x00000000000029e0        0x8 /opt/devkitpro/libnx/lib/libnx.a(svc.o)
                0x00000000000029e0                svcUnmapMemory
 .text.svcQueryMemory
                0x00000000000029e8       0x14 /opt/devkitpro/libnx/lib/libnx.a(svc.o)
                0x00000000000029e8                svcQueryMemory
 .text.svcExitProcess
                0x00000000000029fc        0x8 /opt/devkitpro/libnx/lib/libnx.a(svc.o)
                0x00000000000029fc                svcExitProcess
 .text.svcSleepThread
                0x0000000000002a04        0x8 /opt/devkitpro/libnx/lib/libnx.a(svc.o)
                0x0000000000002a04                svcSleepThread
 .text.svcMapSharedMemory
                0x0000000000002a0c        0x8 /opt/devkitpro/libnx/lib/libnx.a(svc.o)
                0x0000000000002a0c                svcMapSharedMemory
 .text.svcUnmapSharedMemory
                0x0000000000002a14        0x8 /opt/devkitpro/libnx/lib/libnx.a(svc.o)
                0x0000000000002a14                svcUnmapSharedMemory
 .text.svcCloseHandle
                0x0000000000002a1c        0x8 /opt/devkitpro/libnx/lib/libnx.a(svc.o)
                0x0000000000002a1c                svcCloseHandle
 .text.svcResetSignal
                0x0000000000002a24        0x8 /opt/devkitpro/libnx/lib/libnx.a(svc.o)
                0x0000000000002a24                svcResetSignal
 .text.svcWaitSynchronization
                0x0000000000002a2c       0x14 /opt/devkitpro/libnx/lib/libnx.a(svc.o)
                0x0000000000002a2c                svcWaitSynchronization
 .text.svcArbitrateLock
                0x0000000000002a40        0x8 /opt/devkitpro/libnx/lib/libnx.a(svc.o)
                0x0000000000002a40                svcArbitrateLock
 .text.svcArbitrateUnlock
                0x0000000000002a48        0x8 /opt/devkitpro/libnx/lib/libnx.a(svc.o)
                0x0000000000002a48                svcArbitrateUnlock
 .text.svcConnectToNamedPort
                0x0000000000002a50       0x14 /opt/devkitpro/libnx/lib/libnx.a(svc.o)
                0x0000000000002a50                svcConnectToNamedPort
 .text.svcSendSyncRequest
                0x0000000000002a64        0x8 /opt/devkitpro/libnx/lib/libnx.a(svc.o)
                0x0000000000002a64                svcSendSyncRequest
 .text.svcBreak
                0x0000000000002a6c        0x8 /opt/devkitpro/libnx/lib/libnx.a(svc.o)
                0x0000000000002a6c                svcBreak
 .text.svcGetInfo
                0x0000000000002a74       0x14 /opt/devkitpro/libnx/lib/libnx.a(svc.o)
                0x0000000000002a74                svcGetInfo
 .text.svcUnmapTransferMemory
                0x0000000000002a88        0x8 /opt/devkitpro/libnx/lib/libnx.a(svc.o)
                0x0000000000002a88                svcUnmapTransferMemory
 .text.__aarch64_read_tp
                0x0000000000002a90        0xc /opt/devkitpro/libnx/lib/libnx.a(readtp.o)
                0x0000000000002a90                __aarch64_read_tp
 *fill*         0x0000000000002a9c        0x4 
 .text.mutexLock
                0x0000000000002aa0       0x8c /opt/devkitpro/libnx/lib/libnx.a(mutex.o)
                0x0000000000002aa0                mutexLock
 *fill*         0x0000000000002b2c        0x4 
 .text.mutexUnlock
                0x0000000000002b30       0x30 /opt/devkitpro/libnx/lib/libnx.a(mutex.o)
                0x0000000000002b30                mutexUnlock
 .text.rmutexLock
                0x0000000000002b60       0x4c /opt/devkitpro/libnx/lib/libnx.a(mutex.o)
                0x0000000000002b60                rmutexLock
 *fill*         0x0000000000002bac        0x4 
 .text.rmutexUnlock
                0x0000000000002bb0       0x1c /opt/devkitpro/libnx/lib/libnx.a(mutex.o)
                0x0000000000002bb0                rmutexUnlock
 *fill*         0x0000000000002bcc        0x4 
 .text._GetRegionFromInfo.isra.1
                0x0000000000002bd0       0x7c /opt/devkitpro/libnx/lib/libnx.a(virtmem.o)
 *fill*         0x0000000000002c4c        0x4 
 .text.virtmemSetup
                0x0000000000002c50      0x114 /opt/devkitpro/libnx/lib/libnx.a(virtmem.o)
                0x0000000000002c50                virtmemSetup
 *fill*         0x0000000000002d64        0xc 
 .text.virtmemReserve
                0x0000000000002d70      0x13c /opt/devkitpro/libnx/lib/libnx.a(virtmem.o)
                0x0000000000002d70                virtmemReserve
 *fill*         0x0000000000002eac        0x4 
 .text.virtmemFree
                0x0000000000002eb0        0x4 /opt/devkitpro/libnx/lib/libnx.a(virtmem.o)
                0x0000000000002eb0                virtmemFree
 *fill*         0x0000000000002eb4        0xc 
 .text.ipcCloseObjectById
                0x0000000000002ec0       0x34 /opt/devkitpro/libnx/lib/libnx.a(applet.o)
 *fill*         0x0000000000002ef4        0xc 
 .text._appletCmdNoIO
                0x0000000000002f00       0xc4 /opt/devkitpro/libnx/lib/libnx.a(applet.o)
 *fill*         0x0000000000002fc4        0xc 
 .text._appletGetHandle
                0x0000000000002fd0      0x124 /opt/devkitpro/libnx/lib/libnx.a(applet.o)
 *fill*         0x00000000000030f4        0xc 
 .text._appletReceiveMessage
                0x0000000000003100       0xec /opt/devkitpro/libnx/lib/libnx.a(applet.o)
 *fill*         0x00000000000031ec        0x4 
 .text._appletGetOperationMode.constprop.17
                0x00000000000031f0       0xe0 /opt/devkitpro/libnx/lib/libnx.a(applet.o)
 .text._appletGetPerformanceMode.constprop.18
                0x00000000000032d0       0xe0 /opt/devkitpro/libnx/lib/libnx.a(applet.o)
 .text._appletGetCurrentFocusState.constprop.19
                0x00000000000033b0       0xe0 /opt/devkitpro/libnx/lib/libnx.a(applet.o)
 .text._appletAcquireForegroundRights
                0x0000000000003490       0xcc /opt/devkitpro/libnx/lib/libnx.a(applet.o)
 *fill*         0x000000000000355c        0x4 
 .text._appletSetPerformanceModeChangedNotification.constprop.21
                0x0000000000003560       0xd4 /opt/devkitpro/libnx/lib/libnx.a(applet.o)
 *fill*         0x0000000000003634        0xc 
 .text._appletSetOutOfFocusSuspendingEnabled
                0x0000000000003640       0xd0 /opt/devkitpro/libnx/lib/libnx.a(applet.o)
 .text._appletSetOperationModeChangedNotification.constprop.20
                0x0000000000003710       0xd4 /opt/devkitpro/libnx/lib/libnx.a(applet.o)
 *fill*         0x00000000000037e4        0xc 
 .text._appletSetFocusHandlingMode
                0x00000000000037f0       0xd8 /opt/devkitpro/libnx/lib/libnx.a(applet.o)
 *fill*         0x00000000000038c8        0x8 
 .text._appletGetAppletResourceUserId.constprop.15
                0x00000000000038d0       0xe0 /opt/devkitpro/libnx/lib/libnx.a(applet.o)
 .text._appletGetSessionProxy.constprop.14
                0x00000000000039b0      0x13c /opt/devkitpro/libnx/lib/libnx.a(applet.o)
 *fill*         0x0000000000003aec        0x4 
 .text.appletGetAppletResourceUserId
                0x0000000000003af0       0x28 /opt/devkitpro/libnx/lib/libnx.a(applet.o)
                0x0000000000003af0                appletGetAppletResourceUserId
 *fill*         0x0000000000003b18        0x8 
 .text.appletNotifyRunning
                0x0000000000003b20      0x120 /opt/devkitpro/libnx/lib/libnx.a(applet.o)
                0x0000000000003b20                appletNotifyRunning
 .text.appletSetGamePlayRecordingState
                0x0000000000003c40      0x124 /opt/devkitpro/libnx/lib/libnx.a(applet.o)
                0x0000000000003c40                appletSetGamePlayRecordingState
 *fill*         0x0000000000003d64        0xc 
 .text.appletExit
                0x0000000000003d70      0x6c0 /opt/devkitpro/libnx/lib/libnx.a(applet.o)
                0x0000000000003d70                appletExit
 .text.appletInitialize
                0x0000000000004430      0x594 /opt/devkitpro/libnx/lib/libnx.a(applet.o)
                0x0000000000004430                appletInitialize
 *fill*         0x00000000000049c4        0xc 
 .text._appletExitProcess
                0x00000000000049d0       0x10 /opt/devkitpro/libnx/lib/libnx.a(applet.o)
 .text.ipcCloseObjectById
                0x00000000000049e0       0x34 /opt/devkitpro/libnx/lib/libnx.a(time.o)
 *fill*         0x0000000000004a14        0xc 
 .text._timeGetSession
                0x0000000000004a20      0x12c /opt/devkitpro/libnx/lib/libnx.a(time.o)
 *fill*         0x0000000000004b4c        0x4 
 .text.timeExit
                0x0000000000004b50      0x1ec /opt/devkitpro/libnx/lib/libnx.a(time.o)
                0x0000000000004b50                timeExit
 *fill*         0x0000000000004d3c        0x4 
 .text.timeInitialize
                0x0000000000004d40       0xd8 /opt/devkitpro/libnx/lib/libnx.a(time.o)
                0x0000000000004d40                timeInitialize
 *fill*         0x0000000000004e18        0x8 
 .text.timeGetCurrentTime
                0x0000000000004e20      0x124 /opt/devkitpro/libnx/lib/libnx.a(time.o)
                0x0000000000004e20                timeGetCurrentTime
 *fill*         0x0000000000004f44        0xc 
 .text.timeToCalendarTimeWithMyRule
                0x0000000000004f50      0x118 /opt/devkitpro/libnx/lib/libnx.a(time.o)
                0x0000000000004f50                timeToCalendarTimeWithMyRule
 *fill*         0x0000000000005068        0x8 
 .text.ipcCloseObjectById
                0x0000000000005070       0x34 /opt/devkitpro/libnx/lib/libnx.a(hid.o)
 *fill*         0x00000000000050a4        0xc 
 .text._hidGetSharedMemoryHandle.constprop.11
                0x00000000000050b0      0x124 /opt/devkitpro/libnx/lib/libnx.a(hid.o)
 *fill*         0x00000000000051d4        0xc 
 .text._hidCreateAppletResource.constprop.10
                0x00000000000051e0      0x134 /opt/devkitpro/libnx/lib/libnx.a(hid.o)
 *fill*         0x0000000000005314        0xc 
 .text._hidCmdWithNoInput
                0x0000000000005320      0x100 /opt/devkitpro/libnx/lib/libnx.a(hid.o)
 .text._hidCmdWithInputU32
                0x0000000000005420      0x10c /opt/devkitpro/libnx/lib/libnx.a(hid.o)
 *fill*         0x000000000000552c        0x4 
 .text.hidReset
                0x0000000000005530      0x1d0 /opt/devkitpro/libnx/lib/libnx.a(hid.o)
                0x0000000000005530                hidReset
 .text.hidSetSupportedNpadIdType
                0x0000000000005700      0x198 /opt/devkitpro/libnx/lib/libnx.a(hid.o)
                0x0000000000005700                hidSetSupportedNpadIdType
 *fill*         0x0000000000005898        0x8 
 .text.hidSetSupportedNpadStyleSet
                0x00000000000058a0        0xc /opt/devkitpro/libnx/lib/libnx.a(hid.o)
                0x00000000000058a0                hidSetSupportedNpadStyleSet
 *fill*         0x00000000000058ac        0x4 
 .text.hidSetNpadJoyAssignmentModeDual
                0x00000000000058b0        0xc /opt/devkitpro/libnx/lib/libnx.a(hid.o)
                0x00000000000058b0                hidSetNpadJoyAssignmentModeDual
 *fill*         0x00000000000058bc        0x4 
 .text.hidExit  0x00000000000058c0      0x130 /opt/devkitpro/libnx/lib/libnx.a(hid.o)
                0x00000000000058c0                hidExit
 .text.hidInitialize
                0x00000000000059f0      0x15c /opt/devkitpro/libnx/lib/libnx.a(hid.o)
                0x00000000000059f0                hidInitialize
 *fill*         0x0000000000005b4c        0x4 
 .text.ipcCloseObjectById
                0x0000000000005b50       0x34 /opt/devkitpro/libnx/lib/libnx.a(apm.o)
 *fill*         0x0000000000005b84        0xc 
 .text._apmGetSession.constprop.4
                0x0000000000005b90      0x124 /opt/devkitpro/libnx/lib/libnx.a(apm.o)
 *fill*         0x0000000000005cb4        0xc 
 .text.apmExit  0x0000000000005cc0       0xf0 /opt/devkitpro/libnx/lib/libnx.a(apm.o)
                0x0000000000005cc0                apmExit
 .text.apmInitialize
                0x0000000000005db0       0x8c /opt/devkitpro/libnx/lib/libnx.a(apm.o)
                0x0000000000005db0                apmInitialize
 *fill*         0x0000000000005e3c        0x4 
 .text.apmSetPerformanceConfiguration
                0x0000000000005e40       0xcc /opt/devkitpro/libnx/lib/libnx.a(apm.o)
                0x0000000000005e40                apmSetPerformanceConfiguration
 *fill*         0x0000000000005f0c        0x4 
 .text.smAddOverrideHandle
                0x0000000000005f10       0x44 /opt/devkitpro/libnx/lib/libnx.a(sm.o)
                0x0000000000005f10                smAddOverrideHandle
 *fill*         0x0000000000005f54        0xc 
 .text.smGetServiceOverride
                0x0000000000005f60       0x60 /opt/devkitpro/libnx/lib/libnx.a(sm.o)
                0x0000000000005f60                smGetServiceOverride
 .text.smHasInitialized
                0x0000000000005fc0       0x14 /opt/devkitpro/libnx/lib/libnx.a(sm.o)
                0x0000000000005fc0                smHasInitialized
 *fill*         0x0000000000005fd4        0xc 
 .text.smExit   0x0000000000005fe0       0x5c /opt/devkitpro/libnx/lib/libnx.a(sm.o)
                0x0000000000005fe0                smExit
 *fill*         0x000000000000603c        0x4 
 .text.smEncodeName
                0x0000000000006040       0x38 /opt/devkitpro/libnx/lib/libnx.a(sm.o)
                0x0000000000006040                smEncodeName
 *fill*         0x0000000000006078        0x8 
 .text.smGetServiceOriginal
                0x0000000000006080      0x12c /opt/devkitpro/libnx/lib/libnx.a(sm.o)
                0x0000000000006080                smGetServiceOriginal
 *fill*         0x00000000000061ac        0x4 
 .text.smInitialize
                0x00000000000061b0      0x158 /opt/devkitpro/libnx/lib/libnx.a(sm.o)
                0x00000000000061b0                smInitialize
 *fill*         0x0000000000006308        0x8 
 .text.smGetService
                0x0000000000006310       0x74 /opt/devkitpro/libnx/lib/libnx.a(sm.o)
                0x0000000000006310                smGetService
 *fill*         0x0000000000006384        0xc 
 .text.fatalWithType
                0x0000000000006390      0x104 /opt/devkitpro/libnx/lib/libnx.a(fatal.o)
                0x0000000000006390                fatalWithType
 *fill*         0x0000000000006494        0xc 
 .text.fatalSimple
                0x00000000000064a0       0x14 /opt/devkitpro/libnx/lib/libnx.a(fatal.o)
                0x00000000000064a0                fatalSimple
 *fill*         0x00000000000064b4        0xc 
 .text.ipcPrepareHeader
                0x00000000000064c0      0x220 /opt/devkitpro/libnx/lib/libnx.a(fs.o)
 .text.ipcParse
                0x00000000000066e0      0x22c /opt/devkitpro/libnx/lib/libnx.a(fs.o)
 *fill*         0x000000000000690c        0x4 
 .text.serviceIpcParse
                0x0000000000006910       0xb8 /opt/devkitpro/libnx/lib/libnx.a(fs.o)
 *fill*         0x00000000000069c8        0x8 
 .text.ipcCloseObjectById
                0x00000000000069d0       0x34 /opt/devkitpro/libnx/lib/libnx.a(fs.o)
 *fill*         0x0000000000006a04        0xc 
 .text.fsInitialize
                0x0000000000006a10      0x200 /opt/devkitpro/libnx/lib/libnx.a(fs.o)
                0x0000000000006a10                fsInitialize
 .text.fsExit   0x0000000000006c10       0x9c /opt/devkitpro/libnx/lib/libnx.a(fs.o)
                0x0000000000006c10                fsExit
 *fill*         0x0000000000006cac        0x4 
 .text.fsMountSdcard
                0x0000000000006cb0      0x134 /opt/devkitpro/libnx/lib/libnx.a(fs.o)
                0x0000000000006cb0                fsMountSdcard
 *fill*         0x0000000000006de4        0xc 
 .text.fsFsCreateFile
                0x0000000000006df0      0x120 /opt/devkitpro/libnx/lib/libnx.a(fs.o)
                0x0000000000006df0                fsFsCreateFile
 .text.fsFsDeleteFile
                0x0000000000006f10      0x19c /opt/devkitpro/libnx/lib/libnx.a(fs.o)
                0x0000000000006f10                fsFsDeleteFile
 *fill*         0x00000000000070ac        0x4 
 .text.fsFsCreateDirectory
                0x00000000000070b0      0x1a4 /opt/devkitpro/libnx/lib/libnx.a(fs.o)
                0x00000000000070b0                fsFsCreateDirectory
 *fill*         0x0000000000007254        0xc 
 .text.fsFsDeleteDirectory
                0x0000000000007260      0x1a4 /opt/devkitpro/libnx/lib/libnx.a(fs.o)
                0x0000000000007260                fsFsDeleteDirectory
 *fill*         0x0000000000007404        0xc 
 .text.fsFsRenameFile
                0x0000000000007410      0x190 /opt/devkitpro/libnx/lib/libnx.a(fs.o)
                0x0000000000007410                fsFsRenameFile
 .text.fsFsRenameDirectory
                0x00000000000075a0      0x190 /opt/devkitpro/libnx/lib/libnx.a(fs.o)
                0x00000000000075a0                fsFsRenameDirectory
 .text.fsFsGetEntryType
                0x0000000000007730      0x12c /opt/devkitpro/libnx/lib/libnx.a(fs.o)
                0x0000000000007730                fsFsGetEntryType
 *fill*         0x000000000000785c        0x4 
 .text.fsFsOpenFile
                0x0000000000007860      0x150 /opt/devkitpro/libnx/lib/libnx.a(fs.o)
                0x0000000000007860                fsFsOpenFile
 .text.fsFsOpenDirectory
                0x00000000000079b0      0x150 /opt/devkitpro/libnx/lib/libnx.a(fs.o)
                0x00000000000079b0                fsFsOpenDirectory
 .text.fsFsGetFreeSpace
                0x0000000000007b00      0x12c /opt/devkitpro/libnx/lib/libnx.a(fs.o)
                0x0000000000007b00                fsFsGetFreeSpace
 *fill*         0x0000000000007c2c        0x4 
 .text.fsFsGetTotalSpace
                0x0000000000007c30      0x12c /opt/devkitpro/libnx/lib/libnx.a(fs.o)
                0x0000000000007c30                fsFsGetTotalSpace
 *fill*         0x0000000000007d5c        0x4 
 .text.fsFsClose
                0x0000000000007d60       0x6c /opt/devkitpro/libnx/lib/libnx.a(fs.o)
                0x0000000000007d60                fsFsClose
 *fill*         0x0000000000007dcc        0x4 
 .text.fsFileRead
                0x0000000000007dd0      0x138 /opt/devkitpro/libnx/lib/libnx.a(fs.o)
                0x0000000000007dd0                fsFileRead
 *fill*         0x0000000000007f08        0x8 
 .text.fsFileWrite
                0x0000000000007f10      0x10c /opt/devkitpro/libnx/lib/libnx.a(fs.o)
                0x0000000000007f10                fsFileWrite
 *fill*         0x000000000000801c        0x4 
 .text.fsFileFlush
                0x0000000000008020      0x174 /opt/devkitpro/libnx/lib/libnx.a(fs.o)
                0x0000000000008020                fsFileFlush
 *fill*         0x0000000000008194        0xc 
 .text.fsFileSetSize
                0x00000000000081a0      0x17c /opt/devkitpro/libnx/lib/libnx.a(fs.o)
                0x00000000000081a0                fsFileSetSize
 *fill*         0x000000000000831c        0x4 
 .text.fsFileGetSize
                0x0000000000008320      0x100 /opt/devkitpro/libnx/lib/libnx.a(fs.o)
                0x0000000000008320                fsFileGetSize
 .text.fsFileClose
                0x0000000000008420       0x6c /opt/devkitpro/libnx/lib/libnx.a(fs.o)
                0x0000000000008420                fsFileClose
 *fill*         0x000000000000848c        0x4 
 .text.fsDirClose
                0x0000000000008490       0x6c /opt/devkitpro/libnx/lib/libnx.a(fs.o)
                0x0000000000008490                fsDirClose
 *fill*         0x00000000000084fc        0x4 
 .text.fsDirRead
                0x0000000000008500      0x13c /opt/devkitpro/libnx/lib/libnx.a(fs.o)
                0x0000000000008500                fsDirRead
 *fill*         0x000000000000863c        0x4 
 .text.nxlinkSetup
                0x0000000000008640       0xc4 /opt/devkitpro/libnx/lib/libnx.a(nxlink.o)
                0x0000000000008640                nxlinkSetup
 *fill*         0x0000000000008704        0xc 
 .text._CacheValues
                0x0000000000008710      0x180 /opt/devkitpro/libnx/lib/libnx.a(detect.o)
 .text.kernelAbove200
                0x0000000000008890       0x1c /opt/devkitpro/libnx/lib/libnx.a(detect.o)
                0x0000000000008890                kernelAbove200
 *fill*         0x00000000000088ac        0x4 
 .text.kernelAbove300
                0x00000000000088b0       0x1c /opt/devkitpro/libnx/lib/libnx.a(detect.o)
                0x00000000000088b0                kernelAbove300
 *fill*         0x00000000000088cc        0x4 
 .text.detectDebugger
                0x00000000000088d0       0x30 /opt/devkitpro/libnx/lib/libnx.a(detect.o)
                0x00000000000088d0                detectDebugger
 .text.shmemLoadRemote
                0x0000000000008900       0x14 /opt/devkitpro/libnx/lib/libnx.a(shmem.o)
                0x0000000000008900                shmemLoadRemote
 *fill*         0x0000000000008914        0xc 
 .text.shmemMap
                0x0000000000008920       0x84 /opt/devkitpro/libnx/lib/libnx.a(shmem.o)
                0x0000000000008920                shmemMap
 *fill*         0x00000000000089a4        0xc 
 .text.shmemUnmap
                0x00000000000089b0       0x58 /opt/devkitpro/libnx/lib/libnx.a(shmem.o)
                0x00000000000089b0                shmemUnmap
 *fill*         0x0000000000008a08        0x8 
 .text.shmemClose
                0x0000000000008a10       0x44 /opt/devkitpro/libnx/lib/libnx.a(shmem.o)
                0x0000000000008a10                shmemClose
 *fill*         0x0000000000008a54        0xc 
 .text.rwlockWriteLock
                0x0000000000008a60        0x8 /opt/devkitpro/libnx/lib/libnx.a(rwlock.o)
                0x0000000000008a60                rwlockWriteLock
 *fill*         0x0000000000008a68        0x8 
 .text.rwlockWriteUnlock
                0x0000000000008a70        0x8 /opt/devkitpro/libnx/lib/libnx.a(rwlock.o)
                0x0000000000008a70                rwlockWriteUnlock
 *fill*         0x0000000000008a78        0x8 
 .text.tmemUnmap
                0x0000000000008a80       0x58 /opt/devkitpro/libnx/lib/libnx.a(tmem.o)
                0x0000000000008a80                tmemUnmap
 *fill*         0x0000000000008ad8        0x8 
 .text.tmemClose
                0x0000000000008ae0       0x68 /opt/devkitpro/libnx/lib/libnx.a(tmem.o)
                0x0000000000008ae0                tmemClose
 *fill*         0x0000000000008b48        0x8 
 .text.eventLoadRemote
                0x0000000000008b50        0xc /opt/devkitpro/libnx/lib/libnx.a(event.o)
                0x0000000000008b50                eventLoadRemote
 *fill*         0x0000000000008b5c        0x4 
 .text.eventWait
                0x0000000000008b60      0x11c /opt/devkitpro/libnx/lib/libnx.a(event.o)
                0x0000000000008b60                eventWait
 *fill*         0x0000000000008c7c        0x4 
 .text.eventClose
                0x0000000000008c80       0x50 /opt/devkitpro/libnx/lib/libnx.a(event.o)
                0x0000000000008c80                eventClose
 .text.bsearch  0x0000000000008cd0       0xb8 /opt/devkitpro/devkitA64/lib/gcc/aarch64-none-elf/8.2.0/../../../../aarch64-none-elf/lib/pic/libg.a(lib_a-bsearch.o)
                0x0000000000008cd0                bsearch
 .text.__errno  0x0000000000008d88       0x14 /opt/devkitpro/devkitA64/lib/gcc/aarch64-none-elf/8.2.0/../../../../aarch64-none-elf/lib/pic/libg.a(lib_a-errno.o)
                0x0000000000008d88                __errno
 *fill*         0x0000000000008d9c        0x4 
 .text.__libc_fini_array
                0x0000000000008da0       0x44 /opt/devkitpro/devkitA64/lib/gcc/aarch64-none-elf/8.2.0/../../../../aarch64-none-elf/lib/pic/libg.a(lib_a-fini.o)
                0x0000000000008da0                __libc_fini_array
 *fill*         0x0000000000008de4        0x4 
 .text.__libc_init_array
                0x0000000000008de8       0x8c /opt/devkitpro/devkitA64/lib/gcc/aarch64-none-elf/8.2.0/../../../../aarch64-none-elf/lib/pic/libg.a(lib_a-init.o)
                0x0000000000008de8                __libc_init_array
 *fill*         0x0000000000008e74        0x4 
 .text.__localeconv_l
                0x0000000000008e78        0x8 /opt/devkitpro/devkitA64/lib/gcc/aarch64-none-elf/8.2.0/../../../../aarch64-none-elf/lib/pic/libg.a(lib_a-localeconv.o)
                0x0000000000008e78                __localeconv_l
 .text.localeconv
                0x0000000000008e80       0x28 /opt/devkitpro/devkitA64/lib/gcc/aarch64-none-elf/8.2.0/../../../../aarch64-none-elf/lib/pic/libg.a(lib_a-localeconv.o)
                0x0000000000008e80                localeconv
 .text.__locale_ctype_ptr_l
                0x0000000000008ea8        0x8 /opt/devkitpro/devkitA64/lib/gcc/aarch64-none-elf/8.2.0/../../../../aarch64-none-elf/lib/pic/libg.a(lib_a-locale.o)
                0x0000000000008ea8                __locale_ctype_ptr_l
 .text.__locale_ctype_ptr
                0x0000000000008eb0       0x2c /opt/devkitpro/devkitA64/lib/gcc/aarch64-none-elf/8.2.0/../../../../aarch64-none-elf/lib/pic/libg.a(lib_a-locale.o)
                0x0000000000008eb0                __locale_ctype_ptr
 *fill*         0x0000000000008edc        0x4 
 .text.free     0x0000000000008ee0       0x1c /opt/devkitpro/devkitA64/lib/gcc/aarch64-none-elf/8.2.0/../../../../aarch64-none-elf/lib/pic/libg.a(lib_a-malloc.o)
                0x0000000000008ee0                free
 *fill*         0x0000000000008efc        0x4 
 .text._malloc_r
                0x0000000000008f00      0x844 /opt/devkitpro/devkitA64/lib/gcc/aarch64-none-elf/8.2.0/../../../../aarch64-none-elf/lib/pic/libg.a(lib_a-mallocr.o)
                0x0000000000008f00                _malloc_r
 *fill*         0x0000000000009744        0x4 
 .text.__utf8_mbtowc
                0x0000000000009748      0x2c8 /opt/devkitpro/devkitA64/lib/gcc/aarch64-none-elf/8.2.0/../../../../aarch64-none-elf/lib/pic/libg.a(lib_a-mbtowc_r.o)
                0x0000000000009748                __utf8_mbtowc
 *fill*         0x0000000000009a10       0x30 
 .text          0x0000000000009a40      0x16c /opt/devkitpro/devkitA64/lib/gcc/aarch64-none-elf/8.2.0/../../../../aarch64-none-elf/lib/pic/libg.a(lib_a-memcpy.o)
                0x0000000000009a40                memcpy
 *fill*         0x0000000000009bac       0x14 
 .text          0x0000000000009bc0      0x1d8 /opt/devkitpro/devkitA64/lib/gcc/aarch64-none-elf/8.2.0/../../../../aarch64-none-elf/lib/pic/libg.a(lib_a-memset.o)
                0x0000000000009bc0                memset
 .text.__malloc_lock
                0x0000000000009d98        0xc /opt/devkitpro/devkitA64/lib/gcc/aarch64-none-elf/8.2.0/../../../../aarch64-none-elf/lib/pic/libg.a(lib_a-mlock.o)
                0x0000000000009d98                __malloc_lock
 *fill*         0x0000000000009da4        0x4 
 .text.__malloc_unlock
                0x0000000000009da8        0xc /opt/devkitpro/devkitA64/lib/gcc/aarch64-none-elf/8.2.0/../../../../aarch64-none-elf/lib/pic/libg.a(lib_a-mlock.o)
                0x0000000000009da8                __malloc_unlock
 *fill*         0x0000000000009db4        0x4 
 .text.setenv   0x0000000000009db8       0x3c /opt/devkitpro/devkitA64/lib/gcc/aarch64-none-elf/8.2.0/../../../../aarch64-none-elf/lib/pic/libg.a(lib_a-setenv.o)
                0x0000000000009db8                setenv
 *fill*         0x0000000000009df4        0x4 
 .text._setenv_r
                0x0000000000009df8      0x264 /opt/devkitpro/devkitA64/lib/gcc/aarch64-none-elf/8.2.0/../../../../aarch64-none-elf/lib/pic/libg.a(lib_a-setenv_r.o)
                0x0000000000009df8                _setenv_r
 .text          0x000000000000a05c       0xdc /opt/devkitpro/devkitA64/lib/gcc/aarch64-none-elf/8.2.0/../../../../aarch64-none-elf/lib/pic/libg.a(lib_a-strchr.o)
                0x000000000000a05c                strchr
 *fill*         0x000000000000a138        0x8 
 .text          0x000000000000a140       0xa4 /opt/devkitpro/devkitA64/lib/gcc/aarch64-none-elf/8.2.0/../../../../aarch64-none-elf/lib/pic/libg.a(lib_a-strcmp.o)
                0x000000000000a140                strcmp
 *fill*         0x000000000000a1e4       0x1c 
 .text          0x000000000000a200      0x140 /opt/devkitpro/devkitA64/lib/gcc/aarch64-none-elf/8.2.0/../../../../aarch64-none-elf/lib/pic/libg.a(lib_a-strlen.o)
                0x000000000000a200                strlen
 .text.strncat  0x000000000000a340       0x84 /opt/devkitpro/devkitA64/lib/gcc/aarch64-none-elf/8.2.0/../../../../aarch64-none-elf/lib/pic/libg.a(lib_a-strncat.o)
                0x000000000000a340                strncat
 *fill*         0x000000000000a3c4       0x3c 
 .text          0x000000000000a400      0x124 /opt/devkitpro/devkitA64/lib/gcc/aarch64-none-elf/8.2.0/../../../../aarch64-none-elf/lib/pic/libg.a(lib_a-strncmp.o)
                0x000000000000a41c                strncmp
 *fill*         0x000000000000a524        0x4 
 .text.strncpy  0x000000000000a528       0xa8 /opt/devkitpro/devkitA64/lib/gcc/aarch64-none-elf/8.2.0/../../../../aarch64-none-elf/lib/pic/libg.a(lib_a-strncpy.o)
                0x000000000000a528                strncpy
 *fill*         0x000000000000a5d0       0x30 
 .text          0x000000000000a600       0xe0 /opt/devkitpro/devkitA64/lib/gcc/aarch64-none-elf/8.2.0/../../../../aarch64-none-elf/lib/pic/libg.a(lib_a-strnlen.o)
                0x000000000000a624                strnlen
 .text._strtoul_l.isra.0
                0x000000000000a6e0      0x1e0 /opt/devkitpro/devkitA64/lib/gcc/aarch64-none-elf/8.2.0/../../../../aarch64-none-elf/lib/pic/libg.a(lib_a-strtoul.o)
 .text.strtoul  0x000000000000a8c0       0x5c /opt/devkitpro/devkitA64/lib/gcc/aarch64-none-elf/8.2.0/../../../../aarch64-none-elf/lib/pic/libg.a(lib_a-strtoul.o)
                0x000000000000a8c0                strtoul
 *fill*         0x000000000000a91c        0x4 
 .text.__utf8_wctomb
                0x000000000000a920       0xe4 /opt/devkitpro/devkitA64/lib/gcc/aarch64-none-elf/8.2.0/../../../../aarch64-none-elf/lib/pic/libg.a(lib_a-wctomb_r.o)
                0x000000000000a920                __utf8_wctomb
 *fill*         0x000000000000aa04        0x4 
 .text.__call_exitprocs
                0x000000000000aa08      0x17c /opt/devkitpro/devkitA64/lib/gcc/aarch64-none-elf/8.2.0/../../../../aarch64-none-elf/lib/pic/libg.a(lib_a-__call_atexit.o)
                0x000000000000aa08                __call_exitprocs
 *fill*         0x000000000000ab84        0x4 
 .text.__env_lock
                0x000000000000ab88        0xc /opt/devkitpro/devkitA64/lib/gcc/aarch64-none-elf/8.2.0/../../../../aarch64-none-elf/lib/pic/libg.a(lib_a-envlock.o)
                0x000000000000ab88                __env_lock
 *fill*         0x000000000000ab94        0x4 
 .text.__env_unlock
                0x000000000000ab98        0xc /opt/devkitpro/devkitA64/lib/gcc/aarch64-none-elf/8.2.0/../../../../aarch64-none-elf/lib/pic/libg.a(lib_a-envlock.o)
                0x000000000000ab98                __env_unlock
 *fill*         0x000000000000aba4        0x4 
 .text._malloc_trim_r
                0x000000000000aba8      0x118 /opt/devkitpro/devkitA64/lib/gcc/aarch64-none-elf/8.2.0/../../../../aarch64-none-elf/lib/pic/libg.a(lib_a-freer.o)
                0x000000000000aba8                _malloc_trim_r
 .text._free_r  0x000000000000acc0      0x2f4 /opt/devkitpro/devkitA64/lib/gcc/aarch64-none-elf/8.2.0/../../../../aarch64-none-elf/lib/pic/libg.a(lib_a-freer.o)
                0x000000000000acc0                _free_r
 *fill*         0x000000000000afb4        0x4 
 .text._findenv_r
                0x000000000000afb8      0x100 /opt/devkitpro/devkitA64/lib/gcc/aarch64-none-elf/8.2.0/../../../../aarch64-none-elf/lib/pic/libg.a(lib_a-getenv_r.o)
                0x000000000000afb8                _findenv_r
 .text._realloc_r
                0x000000000000b0b8      0x56c /opt/devkitpro/devkitA64/lib/gcc/aarch64-none-elf/8.2.0/../../../../aarch64-none-elf/lib/pic/libg.a(lib_a-reallocr.o)
                0x000000000000b0b8                _realloc_r
 *fill*         0x000000000000b624       0x1c 
 .text          0x000000000000b640       0xac /opt/devkitpro/devkitA64/lib/gcc/aarch64-none-elf/8.2.0/../../../../aarch64-none-elf/lib/pic/libg.a(lib_a-memmove.o)
                0x000000000000b640                memmove
 *fill*         0x000000000000b6ec        0x4 
 .text.null_write
                0x000000000000b6f0        0x8 /opt/devkitpro/devkitA64/lib/gcc/aarch64-none-elf/8.2.0/../../../../aarch64-none-elf/lib/pic/libsysbase.a(iosupport.o)
 .text.setDefaultDevice
                0x000000000000b6f8       0x18 /opt/devkitpro/devkitA64/lib/gcc/aarch64-none-elf/8.2.0/../../../../aarch64-none-elf/lib/pic/libsysbase.a(iosupport.o)
                0x000000000000b6f8                setDefaultDevice
 .text.FindDevice
                0x000000000000b710       0xf8 /opt/devkitpro/devkitA64/lib/gcc/aarch64-none-elf/8.2.0/../../../../aarch64-none-elf/lib/pic/libsysbase.a(iosupport.o)
                0x000000000000b710                FindDevice
 .text.RemoveDevice
                0x000000000000b808       0x34 /opt/devkitpro/devkitA64/lib/gcc/aarch64-none-elf/8.2.0/../../../../aarch64-none-elf/lib/pic/libsysbase.a(iosupport.o)
                0x000000000000b808                RemoveDevice
 *fill*         0x000000000000b83c        0x4 
 .text.AddDevice
                0x000000000000b840       0xd8 /opt/devkitpro/devkitA64/lib/gcc/aarch64-none-elf/8.2.0/../../../../aarch64-none-elf/lib/pic/libsysbase.a(iosupport.o)
                0x000000000000b840                AddDevice
 .text._sbrk_r  0x000000000000b918       0x78 /opt/devkitpro/devkitA64/lib/gcc/aarch64-none-elf/8.2.0/../../../../aarch64-none-elf/lib/pic/libsysbase.a(sbrk.o)
                0x000000000000b918                _sbrk_r
 .text._exit    0x000000000000b990       0x24 /opt/devkitpro/devkitA64/lib/gcc/aarch64-none-elf/8.2.0/../../../../aarch64-none-elf/lib/pic/libsysbase.a(_exit.o)
                0x000000000000b990                _exit
 *fill*         0x000000000000b9b4        0x4 
 .text._concatenate_path
                0x000000000000b9b8      0x234 /opt/devkitpro/devkitA64/lib/gcc/aarch64-none-elf/8.2.0/../../../../aarch64-none-elf/lib/pic/libsysbase.a(chdir.o)
                0x000000000000b9b8                _concatenate_path
 *fill*         0x000000000000bbec        0x4 
 .text.chdir    0x000000000000bbf0      0x178 /opt/devkitpro/devkitA64/lib/gcc/aarch64-none-elf/8.2.0/../../../../aarch64-none-elf/lib/pic/libsysbase.a(chdir.o)
                0x000000000000bbf0                chdir
 .text.__libc_lock_acquire_recursive
                0x000000000000bd68       0x18 /opt/devkitpro/devkitA64/lib/gcc/aarch64-none-elf/8.2.0/../../../../aarch64-none-elf/lib/pic/libsysbase.a(syscall_support.o)
                0x000000000000bd68                __libc_lock_acquire_recursive
 .text.__libc_lock_release_recursive
                0x000000000000bd80       0x18 /opt/devkitpro/devkitA64/lib/gcc/aarch64-none-elf/8.2.0/../../../../aarch64-none-elf/lib/pic/libsysbase.a(syscall_support.o)
                0x000000000000bd80                __libc_lock_release_recursive
 .text.__getreent
                0x000000000000bd98       0x24 /opt/devkitpro/devkitA64/lib/gcc/aarch64-none-elf/8.2.0/../../../../aarch64-none-elf/lib/pic/libsysbase.a(getreent.o)
                0x000000000000bd98                __getreent
 .text          0x000000000000bdbc      0x100 /opt/devkitpro/devkitA64/lib/gcc/aarch64-none-elf/8.2.0/../../../../aarch64-none-elf/lib/pic/libg.a(lib_a-strrchr.o)
                0x000000000000bdbc                strrchr
                0x000000000000bec0                . = ALIGN (0x8)
 *fill*         0x000000000000bebc        0x4 

.fini           0x000000000000bec0       0x38
 *(.fini)
 .fini          0x000000000000bec0       0x18 /opt/devkitpro/devkitA64/lib/gcc/aarch64-none-elf/8.2.0/pic/crti.o
                0x000000000000bec0                _fini
 .fini          0x000000000000bed8       0x1c /opt/devkitpro/devkitA64/lib/gcc/aarch64-none-elf/8.2.0/pic/crtn.o
                0x000000000000bef8                . = ALIGN (0x8)
 *fill*         0x000000000000bef4        0x4 
                0x000000000000c000                . = ALIGN (0x1000)

.rodata         0x000000000000c000      0x258
 *(.rodata .rodata.* .gnu.linkonce.r.*)
 .rodata.__libnx_init_time.str1.8
                0x000000000000c000        0x3 /opt/devkitpro/libnx/lib/libnx.a(newlib.o)
 *fill*         0x000000000000c003        0x5 
 .rodata._fsdevUnmountDeviceStruct.part.4.str1.8
                0x000000000000c008        0x2 /opt/devkitpro/libnx/lib/libnx.a(fs_dev.o)
 *fill*         0x000000000000c00a        0x6 
 .rodata.error_table
                0x000000000000c010       0x18 /opt/devkitpro/libnx/lib/libnx.a(fs_dev.o)
 .rodata.fsdevMountSdmc.str1.8
                0x000000000000c028        0x5 /opt/devkitpro/libnx/lib/libnx.a(fs_dev.o)
 *fill*         0x000000000000c02d        0x3 
 .rodata.CSWTCH.55
                0x000000000000c030       0x14 /opt/devkitpro/libnx/lib/libnx.a(applet.o)
 *fill*         0x000000000000c044        0x4 
 .rodata.appletInitialize.str1.8
                0x000000000000c048       0x19 /opt/devkitpro/libnx/lib/libnx.a(applet.o)
 *fill*         0x000000000000c061        0x7 
 .rodata.timeInitialize.str1.8
                0x000000000000c068        0xf /opt/devkitpro/libnx/lib/libnx.a(time.o)
 *fill*         0x000000000000c077        0x1 
 .rodata        0x000000000000c078       0x24 /opt/devkitpro/libnx/lib/libnx.a(hid.o)
 *fill*         0x000000000000c09c        0x4 
 .rodata.hidInitialize.str1.8
                0x000000000000c0a0        0x4 /opt/devkitpro/libnx/lib/libnx.a(hid.o)
 *fill*         0x000000000000c0a4        0x4 
 .rodata.apmInitialize.str1.8
                0x000000000000c0a8        0xc /opt/devkitpro/libnx/lib/libnx.a(apm.o)
 *fill*         0x000000000000c0b4        0x4 
 .rodata.smInitialize.str1.8
                0x000000000000c0b8        0x4 /opt/devkitpro/libnx/lib/libnx.a(sm.o)
                                          0x9 (size before relaxing)
 *fill*         0x000000000000c0bc        0x4 
 .rodata.fatalWithType.str1.8
                0x000000000000c0c0        0x8 /opt/devkitpro/libnx/lib/libnx.a(fatal.o)
 .rodata.fsInitialize.str1.8
                0x000000000000c0c8        0x8 /opt/devkitpro/libnx/lib/libnx.a(fs.o)
 .rodata.nxlinkSetup.str1.8
                0x000000000000c0d0        0x9 /opt/devkitpro/libnx/lib/libnx.a(nxlink.o)
 *fill*         0x000000000000c0d9        0x7 
 .rodata.str1.8
                0x000000000000c0e0       0x5c /opt/devkitpro/devkitA64/lib/gcc/aarch64-none-elf/8.2.0/../../../../aarch64-none-elf/lib/pic/libg.a(lib_a-locale.o)
                                         0x64 (size before relaxing)
 *fill*         0x000000000000c13c        0x4 
 .rodata._ctype_
                0x000000000000c140      0x101 /opt/devkitpro/devkitA64/lib/gcc/aarch64-none-elf/8.2.0/../../../../aarch64-none-elf/lib/pic/libg.a(lib_a-ctype_.o)
                0x000000000000c140                _ctype_
 *fill*         0x000000000000c241        0x7 
 .rodata.AddDevice.str1.8
                0x000000000000c248        0x8 /opt/devkitpro/devkitA64/lib/gcc/aarch64-none-elf/8.2.0/../../../../aarch64-none-elf/lib/pic/libsysbase.a(iosupport.o)
 .rodata.DIRECTORY_PARENT
                0x000000000000c250        0x3 /opt/devkitpro/devkitA64/lib/gcc/aarch64-none-elf/8.2.0/../../../../aarch64-none-elf/lib/pic/libsysbase.a(chdir.o)
                0x000000000000c250                DIRECTORY_PARENT
                0x000000000000c258                . = ALIGN (0x8)
 *fill*         0x000000000000c253        0x5 

.eh_frame_hdr   0x000000000000c258        0x0
                0x000000000000c258                __eh_frame_hdr_start = .
 *(.eh_frame_hdr)
 *(.eh_frame_entry .eh_frame_entry.*)
                0x000000000000c258                __eh_frame_hdr_end = .

.eh_frame       0x000000000000c258     0x2760
 *(.eh_frame)
 .eh_frame      0x000000000000c258       0x80 /opt/devkitpro/devkitA64/lib/gcc/aarch64-none-elf/8.2.0/pic/crtbegin.o
 .eh_frame      0x000000000000c2d8       0x18 /opt/devkitpro/libnx/lib/libnx.a(dynamic.o)
                                         0x30 (size before relaxing)
 .eh_frame      0x000000000000c2f0       0xa8 /opt/devkitpro/libnx/lib/libnx.a(init.o)
                                         0xb8 (size before relaxing)
 .eh_frame      0x000000000000c398      0x110 /opt/devkitpro/libnx/lib/libnx.a(env.o)
                                        0x1d8 (size before relaxing)
 .eh_frame      0x000000000000c4a8      0x158 /opt/devkitpro/libnx/lib/libnx.a(newlib.o)
                                        0x168 (size before relaxing)
 .eh_frame      0x000000000000c600       0xf8 /opt/devkitpro/libnx/lib/libnx.a(argv.o)
                                        0x108 (size before relaxing)
 .eh_frame      0x000000000000c6f8      0x688 /opt/devkitpro/libnx/lib/libnx.a(fs_dev.o)
                                        0x758 (size before relaxing)
 .eh_frame      0x000000000000cd80       0x18 /opt/devkitpro/libnx/lib/libnx.a(decode_utf8.o)
                                         0x28 (size before relaxing)
 .eh_frame      0x000000000000cd98      0x158 /opt/devkitpro/libnx/lib/libnx.a(svc.o)
                                        0x7a8 (size before relaxing)
 .eh_frame      0x000000000000cef0       0x18 /opt/devkitpro/libnx/lib/libnx.a(readtp.o)
                                         0x28 (size before relaxing)
 .eh_frame      0x000000000000cf08       0x70 /opt/devkitpro/libnx/lib/libnx.a(mutex.o)
                                         0xc0 (size before relaxing)
 .eh_frame      0x000000000000cf78       0xb8 /opt/devkitpro/libnx/lib/libnx.a(virtmem.o)
                                        0x120 (size before relaxing)
 .eh_frame      0x000000000000d030      0x440 /opt/devkitpro/libnx/lib/libnx.a(applet.o)
                                        0x750 (size before relaxing)
 .eh_frame      0x000000000000d470      0x130 /opt/devkitpro/libnx/lib/libnx.a(time.o)
                                        0x198 (size before relaxing)
 .eh_frame      0x000000000000d5a0      0x1e0 /opt/devkitpro/libnx/lib/libnx.a(hid.o)
                                        0x930 (size before relaxing)
 .eh_frame      0x000000000000d780       0xe0 /opt/devkitpro/libnx/lib/libnx.a(apm.o)
                                        0x128 (size before relaxing)
 .eh_frame      0x000000000000d860      0x130 /opt/devkitpro/libnx/lib/libnx.a(sm.o)
                                        0x1c0 (size before relaxing)
 .eh_frame      0x000000000000d990       0x40 /opt/devkitpro/libnx/lib/libnx.a(fatal.o)
                                         0x58 (size before relaxing)
 .eh_frame      0x000000000000d9d0      0x4d0 /opt/devkitpro/libnx/lib/libnx.a(fs.o)
                                        0xa20 (size before relaxing)
 .eh_frame      0x000000000000dea0       0x50 /opt/devkitpro/libnx/lib/libnx.a(nxlink.o)
                                         0x68 (size before relaxing)
 .eh_frame      0x000000000000def0       0xc0 /opt/devkitpro/libnx/lib/libnx.a(detect.o)
                                        0x138 (size before relaxing)
 .eh_frame      0x000000000000dfb0       0xa0 /opt/devkitpro/libnx/lib/libnx.a(shmem.o)
                                         0xc8 (size before relaxing)
 .eh_frame      0x000000000000e050       0x28 /opt/devkitpro/libnx/lib/libnx.a(rwlock.o)
                                         0xa8 (size before relaxing)
 .eh_frame      0x000000000000e078       0x58 /opt/devkitpro/libnx/lib/libnx.a(tmem.o)
                                         0xf0 (size before relaxing)
 .eh_frame      0x000000000000e0d0       0x88 /opt/devkitpro/libnx/lib/libnx.a(event.o)
                                         0xe8 (size before relaxing)
 .eh_frame      0x000000000000e158       0x20 /tmp/cckGckAg.o
                                         0x38 (size before relaxing)
 .eh_frame      0x000000000000e178       0x68 /opt/devkitpro/devkitA64/lib/gcc/aarch64-none-elf/8.2.0/../../../../aarch64-none-elf/lib/pic/libg.a(lib_a-bsearch.o)
                                         0x78 (size before relaxing)
 .eh_frame      0x000000000000e1e0       0x20 /opt/devkitpro/devkitA64/lib/gcc/aarch64-none-elf/8.2.0/../../../../aarch64-none-elf/lib/pic/libg.a(lib_a-errno.o)
                                         0x38 (size before relaxing)
 .eh_frame      0x000000000000e200       0x20 /opt/devkitpro/devkitA64/lib/gcc/aarch64-none-elf/8.2.0/../../../../aarch64-none-elf/lib/pic/libg.a(lib_a-exit.o)
                                         0x30 (size before relaxing)
 .eh_frame      0x000000000000e220       0x28 /opt/devkitpro/devkitA64/lib/gcc/aarch64-none-elf/8.2.0/../../../../aarch64-none-elf/lib/pic/libg.a(lib_a-fini.o)
                                         0x38 (size before relaxing)
 .eh_frame      0x000000000000e248       0x28 /opt/devkitpro/devkitA64/lib/gcc/aarch64-none-elf/8.2.0/../../../../aarch64-none-elf/lib/pic/libg.a(lib_a-init.o)
                                         0x40 (size before relaxing)
 .eh_frame      0x000000000000e270       0x38 /opt/devkitpro/devkitA64/lib/gcc/aarch64-none-elf/8.2.0/../../../../aarch64-none-elf/lib/pic/libg.a(lib_a-localeconv.o)
                                         0x68 (size before relaxing)
 .eh_frame      0x000000000000e2a8       0x38 /opt/devkitpro/devkitA64/lib/gcc/aarch64-none-elf/8.2.0/../../../../aarch64-none-elf/lib/pic/libg.a(lib_a-locale.o)
                                        0x238 (size before relaxing)
 .eh_frame      0x000000000000e2e0        0x0 /opt/devkitpro/devkitA64/lib/gcc/aarch64-none-elf/8.2.0/../../../../aarch64-none-elf/lib/pic/libg.a(lib_a-malign.o)
                                         0x38 (size before relaxing)
 .eh_frame      0x000000000000e2e0        0x0 /opt/devkitpro/devkitA64/lib/gcc/aarch64-none-elf/8.2.0/../../../../aarch64-none-elf/lib/pic/libg.a(lib_a-malignr.o)
                                         0x68 (size before relaxing)
 .eh_frame      0x000000000000e2e0       0x20 /opt/devkitpro/devkitA64/lib/gcc/aarch64-none-elf/8.2.0/../../../../aarch64-none-elf/lib/pic/libg.a(lib_a-malloc.o)
                                         0x58 (size before relaxing)
 .eh_frame      0x000000000000e300       0xc0 /opt/devkitpro/devkitA64/lib/gcc/aarch64-none-elf/8.2.0/../../../../aarch64-none-elf/lib/pic/libg.a(lib_a-mallocr.o)
                                         0xd0 (size before relaxing)
 .eh_frame      0x000000000000e3c0       0x30 /opt/devkitpro/devkitA64/lib/gcc/aarch64-none-elf/8.2.0/../../../../aarch64-none-elf/lib/pic/libg.a(lib_a-mbtowc_r.o)
                                        0x110 (size before relaxing)
 .eh_frame      0x000000000000e3f0       0x28 /opt/devkitpro/devkitA64/lib/gcc/aarch64-none-elf/8.2.0/../../../../aarch64-none-elf/lib/pic/libg.a(lib_a-mlock.o)
                                         0x40 (size before relaxing)
 .eh_frame      0x000000000000e418       0x28 /opt/devkitpro/devkitA64/lib/gcc/aarch64-none-elf/8.2.0/../../../../aarch64-none-elf/lib/pic/libg.a(lib_a-setenv.o)
                                         0x58 (size before relaxing)
 .eh_frame      0x000000000000e440       0x78 /opt/devkitpro/devkitA64/lib/gcc/aarch64-none-elf/8.2.0/../../../../aarch64-none-elf/lib/pic/libg.a(lib_a-setenv_r.o)
                                         0xc8 (size before relaxing)
 .eh_frame      0x000000000000e4b8        0x0 /opt/devkitpro/devkitA64/lib/gcc/aarch64-none-elf/8.2.0/../../../../aarch64-none-elf/lib/pic/libg.a(lib_a-strcasecmp.o)
                                         0x58 (size before relaxing)
 .eh_frame      0x000000000000e4b8        0x0 /opt/devkitpro/devkitA64/lib/gcc/aarch64-none-elf/8.2.0/../../../../aarch64-none-elf/lib/pic/libg.a(lib_a-strcat.o)
                                         0x38 (size before relaxing)
 .eh_frame      0x000000000000e4b8        0x0 /opt/devkitpro/devkitA64/lib/gcc/aarch64-none-elf/8.2.0/../../../../aarch64-none-elf/lib/pic/libg.a(lib_a-strlcpy.o)
                                         0x28 (size before relaxing)
 .eh_frame      0x000000000000e4b8        0x0 /opt/devkitpro/devkitA64/lib/gcc/aarch64-none-elf/8.2.0/../../../../aarch64-none-elf/lib/pic/libg.a(lib_a-strncasecmp.o)
                                         0x58 (size before relaxing)
 .eh_frame      0x000000000000e4b8       0x18 /opt/devkitpro/devkitA64/lib/gcc/aarch64-none-elf/8.2.0/../../../../aarch64-none-elf/lib/pic/libg.a(lib_a-strncat.o)
                                         0x28 (size before relaxing)
 .eh_frame      0x000000000000e4d0       0x18 /opt/devkitpro/devkitA64/lib/gcc/aarch64-none-elf/8.2.0/../../../../aarch64-none-elf/lib/pic/libg.a(lib_a-strncpy.o)
                                         0x28 (size before relaxing)
 .eh_frame      0x000000000000e4e8        0x0 /opt/devkitpro/devkitA64/lib/gcc/aarch64-none-elf/8.2.0/../../../../aarch64-none-elf/lib/pic/libg.a(lib_a-strtol.o)
                                         0xc0 (size before relaxing)
 .eh_frame      0x000000000000e4e8       0x60 /opt/devkitpro/devkitA64/lib/gcc/aarch64-none-elf/8.2.0/../../../../aarch64-none-elf/lib/pic/libg.a(lib_a-strtoul.o)
                                         0xc0 (size before relaxing)
 .eh_frame      0x000000000000e548       0x18 /opt/devkitpro/devkitA64/lib/gcc/aarch64-none-elf/8.2.0/../../../../aarch64-none-elf/lib/pic/libg.a(lib_a-wctomb_r.o)
                                         0xa0 (size before relaxing)
 .eh_frame      0x000000000000e560       0x48 /opt/devkitpro/devkitA64/lib/gcc/aarch64-none-elf/8.2.0/../../../../aarch64-none-elf/lib/pic/libg.a(lib_a-__call_atexit.o)
                                         0x60 (size before relaxing)
 .eh_frame      0x000000000000e5a8        0x0 /opt/devkitpro/devkitA64/lib/gcc/aarch64-none-elf/8.2.0/../../../../aarch64-none-elf/lib/pic/libg.a(lib_a-ctype_.o)
                                         0x28 (size before relaxing)
 .eh_frame      0x000000000000e5a8       0x28 /opt/devkitpro/devkitA64/lib/gcc/aarch64-none-elf/8.2.0/../../../../aarch64-none-elf/lib/pic/libg.a(lib_a-envlock.o)
                                         0x40 (size before relaxing)
 .eh_frame      0x000000000000e5d0       0x80 /opt/devkitpro/devkitA64/lib/gcc/aarch64-none-elf/8.2.0/../../../../aarch64-none-elf/lib/pic/libg.a(lib_a-freer.o)
                                         0x98 (size before relaxing)
 .eh_frame      0x000000000000e650       0x48 /opt/devkitpro/devkitA64/lib/gcc/aarch64-none-elf/8.2.0/../../../../aarch64-none-elf/lib/pic/libg.a(lib_a-getenv_r.o)
                                         0x78 (size before relaxing)
 .eh_frame      0x000000000000e698       0xf0 /opt/devkitpro/devkitA64/lib/gcc/aarch64-none-elf/8.2.0/../../../../aarch64-none-elf/lib/pic/libg.a(lib_a-reallocr.o)
                                        0x108 (size before relaxing)
 .eh_frame      0x000000000000e788       0xe8 /opt/devkitpro/devkitA64/lib/gcc/aarch64-none-elf/8.2.0/../../../../aarch64-none-elf/lib/pic/libsysbase.a(iosupport.o)
                                        0x128 (size before relaxing)
 .eh_frame      0x000000000000e870       0x18 /opt/devkitpro/devkitA64/lib/gcc/aarch64-none-elf/8.2.0/../../../../aarch64-none-elf/lib/pic/libsysbase.a(sbrk.o)
                                         0x28 (size before relaxing)
 .eh_frame      0x000000000000e888       0x20 /opt/devkitpro/devkitA64/lib/gcc/aarch64-none-elf/8.2.0/../../../../aarch64-none-elf/lib/pic/libsysbase.a(_exit.o)
                                         0x38 (size before relaxing)
 .eh_frame      0x000000000000e8a8       0xd0 /opt/devkitpro/devkitA64/lib/gcc/aarch64-none-elf/8.2.0/../../../../aarch64-none-elf/lib/pic/libsysbase.a(chdir.o)
                                        0x128 (size before relaxing)
 .eh_frame      0x000000000000e978       0x28 /opt/devkitpro/devkitA64/lib/gcc/aarch64-none-elf/8.2.0/../../../../aarch64-none-elf/lib/pic/libsysbase.a(syscall_support.o)
                                         0xe0 (size before relaxing)
 .eh_frame      0x000000000000e9a0       0x14 /opt/devkitpro/devkitA64/lib/gcc/aarch64-none-elf/8.2.0/../../../../aarch64-none-elf/lib/pic/libsysbase.a(getreent.o)
                                         0x28 (size before relaxing)
 .eh_frame      0x000000000000e9b4        0x4 /opt/devkitpro/devkitA64/lib/gcc/aarch64-none-elf/8.2.0/pic/crtend.o
 *(.eh_frame.*)

.gcc_except_table
 *(.gcc_except_table .gcc_except_table.*)

.gnu_extab
 *(.gnu_extab*)

.dynamic        0x000000000000e9b8      0x160
 *(.dynamic)
 .dynamic       0x000000000000e9b8      0x160 /opt/devkitpro/devkitA64/lib/gcc/aarch64-none-elf/8.2.0/pic/crti.o
                0x000000000000e9b8                _DYNAMIC

.dynsym         0x000000000000eb18       0x48
 *(.dynsym)
 .dynsym        0x000000000000eb18       0x48 /opt/devkitpro/devkitA64/lib/gcc/aarch64-none-elf/8.2.0/pic/crti.o

.dynstr         0x000000000000eb60        0x1
 *(.dynstr)
 .dynstr        0x000000000000eb60        0x1 /opt/devkitpro/devkitA64/lib/gcc/aarch64-none-elf/8.2.0/pic/crti.o

.rela.dyn       0x000000000000eb68     0x2268
 *(.rela.*)
 .rela.got      0x000000000000eb68      0x4b0 /opt/devkitpro/devkitA64/lib/gcc/aarch64-none-elf/8.2.0/pic/crti.o
 .rela.plt      0x000000000000f018        0x0 /opt/devkitpro/devkitA64/lib/gcc/aarch64-none-elf/8.2.0/pic/crti.o
 .rela.bss      0x000000000000f018        0x0 /opt/devkitpro/devkitA64/lib/gcc/aarch64-none-elf/8.2.0/pic/crti.o
 .rela.data.rel.ro
                0x000000000000f018        0x0 /opt/devkitpro/devkitA64/lib/gcc/aarch64-none-elf/8.2.0/pic/crti.o
 .rela.init_array
                0x000000000000f018       0x18 /opt/devkitpro/devkitA64/lib/gcc/aarch64-none-elf/8.2.0/pic/crti.o
 .rela.fini_array
                0x000000000000f030       0x18 /opt/devkitpro/devkitA64/lib/gcc/aarch64-none-elf/8.2.0/pic/crti.o
 .rela.ifunc    0x000000000000f048        0x0 /opt/devkitpro/devkitA64/lib/gcc/aarch64-none-elf/8.2.0/pic/crti.o
 .rela.data.rel.ro.local.fsdev_devoptab
                0x000000000000f048      0x210 /opt/devkitpro/devkitA64/lib/gcc/aarch64-none-elf/8.2.0/pic/crti.o
 .rela.data.rel.local._impure_ptr
                0x000000000000f258       0x18 /opt/devkitpro/devkitA64/lib/gcc/aarch64-none-elf/8.2.0/pic/crti.o
 .rela.data.rel.local.impure_data
                0x000000000000f270       0x48 /opt/devkitpro/devkitA64/lib/gcc/aarch64-none-elf/8.2.0/pic/crti.o
 .rela.data.rel.ro.local._global_impure_ptr
                0x000000000000f2b8       0x18 /opt/devkitpro/devkitA64/lib/gcc/aarch64-none-elf/8.2.0/pic/crti.o
 .rela.data.rel.__global_locale
                0x000000000000f2d0      0x138 /opt/devkitpro/devkitA64/lib/gcc/aarch64-none-elf/8.2.0/pic/crti.o
 .rela.data.rel.__malloc_av_
                0x000000000000f408     0x1800 /opt/devkitpro/devkitA64/lib/gcc/aarch64-none-elf/8.2.0/pic/crti.o
 .rela.data.rel.local.environ
                0x0000000000010c08       0x18 /opt/devkitpro/devkitA64/lib/gcc/aarch64-none-elf/8.2.0/pic/crti.o
 .rela.data.rel.devoptab_list
                0x0000000000010c20      0x180 /opt/devkitpro/devkitA64/lib/gcc/aarch64-none-elf/8.2.0/pic/crti.o
 .rela.data.rel.ro.local.dotab_stdnull
                0x0000000000010da0       0x30 /opt/devkitpro/devkitA64/lib/gcc/aarch64-none-elf/8.2.0/pic/crti.o

.interp         0x0000000000010dd0        0xd
 *(.interp)
 .interp        0x0000000000010dd0        0xd /opt/devkitpro/devkitA64/lib/gcc/aarch64-none-elf/8.2.0/pic/crti.o

.hash           0x0000000000010de0       0x18
 *(.hash)
 .hash          0x0000000000010de0       0x18 /opt/devkitpro/devkitA64/lib/gcc/aarch64-none-elf/8.2.0/pic/crti.o

.gnu.hash
 *(.gnu.hash)

.gnu.version    0x0000000000010df8        0x0
 *(.gnu.version)
 .gnu.version   0x0000000000010df8        0x0 /opt/devkitpro/devkitA64/lib/gcc/aarch64-none-elf/8.2.0/pic/crti.o

.gnu.version_d  0x0000000000010df8        0x0
 *(.gnu.version_d)
 .gnu.version_d
                0x0000000000010df8        0x0 /opt/devkitpro/devkitA64/lib/gcc/aarch64-none-elf/8.2.0/pic/crti.o

.gnu.version_r  0x0000000000010df8        0x0
 *(.gnu.version_r)
 .gnu.version_r
                0x0000000000010df8        0x0 /opt/devkitpro/devkitA64/lib/gcc/aarch64-none-elf/8.2.0/pic/crti.o

.note.gnu.build-id
                0x0000000000010df8       0x24
 *(.note.gnu.build-id)
 .note.gnu.build-id
                0x0000000000010df8       0x24 /opt/devkitpro/devkitA64/lib/gcc/aarch64-none-elf/8.2.0/pic/crti.o
                0x0000000000011000                . = ALIGN (0x1000)

.eh_frame
 *(.eh_frame)
 *(.eh_frame.*)

.gcc_except_table
 *(.gcc_except_table .gcc_except_table.*)

.gnu_extab
 *(.gnu_extab*)

.exception_ranges
 *(.exception_ranges .exception_ranges*)

.tdata          0x0000000000011000        0x0
                0x0000000000011000                __tdata_lma = .
 *(.tdata .tdata.* .gnu.linkonce.td.*)
                0x0000000000011000                . = ALIGN (0x8)
                0x0000000000011000                __tdata_lma_end = .

.tbss           0x0000000000011000     0x4408
 *(.tbss .tbss.* .gnu.linkonce.tb.*)
 .tbss.__fixedpath
                0x0000000000011000      0x401 /opt/devkitpro/libnx/lib/libnx.a(fs_dev.o)
 *fill*         0x0000000000011401        0x7 
 .tbss.tmp_buffer.6882
                0x0000000000011408     0x2000 /opt/devkitpro/libnx/lib/libnx.a(fs_dev.o)
 .tbss.tmp_buffer.6906
                0x0000000000013408     0x2000 /opt/devkitpro/libnx/lib/libnx.a(fs_dev.o)
 *(.tcommon)
                0x0000000000015408                . = ALIGN (0x8)

.preinit_array  0x0000000000011000        0x0
                0x0000000000011000                PROVIDE (__preinit_array_start = .)
 *(.preinit_array)
                0x0000000000011000                PROVIDE (__preinit_array_end = .)

.init_array     0x0000000000011000        0x8
                0x0000000000011000                PROVIDE (__init_array_start = .)
 *(SORT_BY_NAME(.init_array.*))
 *(.init_array)
 .init_array    0x0000000000011000        0x8 /opt/devkitpro/devkitA64/lib/gcc/aarch64-none-elf/8.2.0/pic/crtbegin.o
                0x0000000000011008                PROVIDE (__init_array_end = .)

.fini_array     0x0000000000011008        0x8
                0x0000000000011008                PROVIDE (__fini_array_start = .)
 *(.fini_array)
 .fini_array    0x0000000000011008        0x8 /opt/devkitpro/devkitA64/lib/gcc/aarch64-none-elf/8.2.0/pic/crtbegin.o
 *(SORT_BY_NAME(.fini_array.*))
                0x0000000000011010                PROVIDE (__fini_array_end = .)

.ctors
 *crtbegin.o(.ctors)
 *(EXCLUDE_FILE(*crtend.o) .ctors)
 *(SORT_BY_NAME(.ctors.*))
 *(.ctors)

.dtors
 *crtbegin.o(.dtors)
 *(EXCLUDE_FILE(*crtend.o) .dtors)
 *(SORT_BY_NAME(.dtors.*))
 *(.dtors)
                0x0000000000011010                __got_start__ = .

.got            0x0000000000011010      0x1c8
 *(.got)
 .got           0x0000000000011010      0x1c8 /opt/devkitpro/devkitA64/lib/gcc/aarch64-none-elf/8.2.0/pic/crti.o
                0x0000000000011010                _GLOBAL_OFFSET_TABLE_
 *(.igot)

.got.plt        0x00000000000111d8       0x18
 *(.got.plt)
 .got.plt       0x00000000000111d8       0x18 /opt/devkitpro/devkitA64/lib/gcc/aarch64-none-elf/8.2.0/pic/crti.o
 *(.igot.plt)
                0x00000000000111f0                __got_end__ = .

.data           0x00000000000111f0     0x1ba8
 *(.data .data.* .gnu.linkonce.d.*)
 .data.rel.ro   0x00000000000111f0        0x0 /opt/devkitpro/devkitA64/lib/gcc/aarch64-none-elf/8.2.0/pic/crti.o
 .data.__cwd    0x00000000000111f0      0x401 /opt/devkitpro/libnx/lib/libnx.a(fs_dev.o)
 *fill*         0x00000000000115f1        0x3 
 .data.fsdev_fsdevice_cwd
                0x00000000000115f4        0x4 /opt/devkitpro/libnx/lib/libnx.a(fs_dev.o)
 .data.fsdev_fsdevice_default
                0x00000000000115f8        0x4 /opt/devkitpro/libnx/lib/libnx.a(fs_dev.o)
 *fill*         0x00000000000115fc        0x4 
 .data.rel.ro.local.fsdev_devoptab
                0x0000000000011600       0xe0 /opt/devkitpro/libnx/lib/libnx.a(fs_dev.o)
 .data.__nx_applet_auto_notifyrunning
                0x00000000000116e0        0x1 /opt/devkitpro/libnx/lib/libnx.a(applet.o)
                0x00000000000116e0                __nx_applet_auto_notifyrunning
 *fill*         0x00000000000116e1        0x3 
 .data.__nx_applet_type
                0x00000000000116e4        0x4 /opt/devkitpro/libnx/lib/libnx.a(applet.o)
                0x00000000000116e4                __nx_applet_type
 .data.rel.local._impure_ptr
                0x00000000000116e8        0x8 /opt/devkitpro/devkitA64/lib/gcc/aarch64-none-elf/8.2.0/../../../../aarch64-none-elf/lib/pic/libg.a(lib_a-impure.o)
                0x00000000000116e8                _impure_ptr
 .data.rel.local.impure_data
                0x00000000000116f0      0x768 /opt/devkitpro/devkitA64/lib/gcc/aarch64-none-elf/8.2.0/../../../../aarch64-none-elf/lib/pic/libg.a(lib_a-impure.o)
 .data.rel.ro.local._global_impure_ptr
                0x0000000000011e58        0x8 /opt/devkitpro/devkitA64/lib/gcc/aarch64-none-elf/8.2.0/../../../../aarch64-none-elf/lib/pic/libg.a(lib_a-impure.o)
                0x0000000000011e58                _global_impure_ptr
 .data.rel.__global_locale
                0x0000000000011e60      0x1a8 /opt/devkitpro/devkitA64/lib/gcc/aarch64-none-elf/8.2.0/../../../../aarch64-none-elf/lib/pic/libg.a(lib_a-locale.o)
                0x0000000000011e60                __global_locale
 .data.__malloc_sbrk_base
                0x0000000000012008        0x8 /opt/devkitpro/devkitA64/lib/gcc/aarch64-none-elf/8.2.0/../../../../aarch64-none-elf/lib/pic/libg.a(lib_a-mallocr.o)
                0x0000000000012008                __malloc_sbrk_base
 .data.__malloc_trim_threshold
                0x0000000000012010        0x8 /opt/devkitpro/devkitA64/lib/gcc/aarch64-none-elf/8.2.0/../../../../aarch64-none-elf/lib/pic/libg.a(lib_a-mallocr.o)
                0x0000000000012010                __malloc_trim_threshold
 .data.rel.__malloc_av_
                0x0000000000012018      0x810 /opt/devkitpro/devkitA64/lib/gcc/aarch64-none-elf/8.2.0/../../../../aarch64-none-elf/lib/pic/libg.a(lib_a-mallocr.o)
                0x0000000000012018                __malloc_av_
 .data.rel.local.environ
                0x0000000000012828        0x8 /opt/devkitpro/devkitA64/lib/gcc/aarch64-none-elf/8.2.0/../../../../aarch64-none-elf/lib/pic/libg.a(lib_a-environ.o)
                0x0000000000012828                environ
 .data.defaultDevice
                0x0000000000012830        0x4 /opt/devkitpro/devkitA64/lib/gcc/aarch64-none-elf/8.2.0/../../../../aarch64-none-elf/lib/pic/libsysbase.a(iosupport.o)
 *fill*         0x0000000000012834        0x4 
 .data.rel.devoptab_list
                0x0000000000012838       0x80 /opt/devkitpro/devkitA64/lib/gcc/aarch64-none-elf/8.2.0/../../../../aarch64-none-elf/lib/pic/libsysbase.a(iosupport.o)
                0x0000000000012838                devoptab_list
 .data.rel.ro.local.dotab_stdnull
                0x00000000000128b8       0xe0 /opt/devkitpro/devkitA64/lib/gcc/aarch64-none-elf/8.2.0/../../../../aarch64-none-elf/lib/pic/libsysbase.a(iosupport.o)
                0x00000000000128b8                dotab_stdnull
 .data._current_working_directory
                0x0000000000012998      0x400 /opt/devkitpro/devkitA64/lib/gcc/aarch64-none-elf/8.2.0/../../../../aarch64-none-elf/lib/pic/libsysbase.a(chdir.o)
                0x0000000000012d98                __bss_start__ = .

.tm_clone_table
                0x0000000000012d98        0x0
 .tm_clone_table
                0x0000000000012d98        0x0 /opt/devkitpro/devkitA64/lib/gcc/aarch64-none-elf/8.2.0/pic/crtbegin.o
 .tm_clone_table
                0x0000000000012d98        0x0 /opt/devkitpro/devkitA64/lib/gcc/aarch64-none-elf/8.2.0/pic/crtend.o

.bss            0x0000000000012d98     0xc138
 *(.dynbss)
 .dynbss        0x0000000000012d98        0x0 /opt/devkitpro/devkitA64/lib/gcc/aarch64-none-elf/8.2.0/pic/crti.o
 *(.bss .bss.* .gnu.linkonce.b.*)
 .bss.completed.7821
                0x0000000000012d98        0x1 /opt/devkitpro/devkitA64/lib/gcc/aarch64-none-elf/8.2.0/pic/crtbegin.o
 *fill*         0x0000000000012d99        0x7 
 .bss.object.7826
                0x0000000000012da0       0x30 /opt/devkitpro/devkitA64/lib/gcc/aarch64-none-elf/8.2.0/pic/crtbegin.o
 .bss.__nx_heap_size
                0x0000000000012dd0        0x8 /opt/devkitpro/libnx/lib/libnx.a(init.o)
                0x0000000000012dd0                __nx_heap_size
 .bss.g_hasRandomSeed
                0x0000000000012dd8        0x1 /opt/devkitpro/libnx/lib/libnx.a(env.o)
 .bss.g_isNso   0x0000000000012dd9        0x1 /opt/devkitpro/libnx/lib/libnx.a(env.o)
 *fill*         0x0000000000012dda        0x2 
 .bss.g_lastLoadResult
                0x0000000000012ddc        0x4 /opt/devkitpro/libnx/lib/libnx.a(env.o)
 .bss.g_loaderRetAddr
                0x0000000000012de0        0x8 /opt/devkitpro/libnx/lib/libnx.a(env.o)
 .bss.g_mainThreadHandle
                0x0000000000012de8        0x4 /opt/devkitpro/libnx/lib/libnx.a(env.o)
 *fill*         0x0000000000012dec        0x4 
 .bss.g_nextLoadArgv
                0x0000000000012df0        0x8 /opt/devkitpro/libnx/lib/libnx.a(env.o)
 .bss.g_nextLoadPath
                0x0000000000012df8        0x8 /opt/devkitpro/libnx/lib/libnx.a(env.o)
 .bss.g_overrideArgv
                0x0000000000012e00        0x8 /opt/devkitpro/libnx/lib/libnx.a(env.o)
 .bss.g_overrideHeapAddr
                0x0000000000012e08        0x8 /opt/devkitpro/libnx/lib/libnx.a(env.o)
 .bss.g_overrideHeapSize
                0x0000000000012e10        0x8 /opt/devkitpro/libnx/lib/libnx.a(env.o)
 .bss.g_processHandle
                0x0000000000012e18        0x4 /opt/devkitpro/libnx/lib/libnx.a(env.o)
 *fill*         0x0000000000012e1c        0x4 
 .bss.g_randomSeed
                0x0000000000012e20       0x10 /opt/devkitpro/libnx/lib/libnx.a(env.o)
 .bss.g_syscallHints
                0x0000000000012e30       0x10 /opt/devkitpro/libnx/lib/libnx.a(env.o)
 .bss.__bootticks
                0x0000000000012e40        0x8 /opt/devkitpro/libnx/lib/libnx.a(newlib.o)
 .bss.__boottime
                0x0000000000012e48        0x8 /opt/devkitpro/libnx/lib/libnx.a(newlib.o)
 .bss.__nx_time_type
                0x0000000000012e50        0x4 /opt/devkitpro/libnx/lib/libnx.a(newlib.o)
                0x0000000000012e50                __nx_time_type
 *fill*         0x0000000000012e54        0x4 
 .bss.g_argv_empty
                0x0000000000012e58        0x8 /opt/devkitpro/libnx/lib/libnx.a(argv.o)
 .bss.fsdev_fsdevices
                0x0000000000012e60     0x2300 /opt/devkitpro/libnx/lib/libnx.a(fs_dev.o)
 .bss.fsdev_initialised
                0x0000000000015160        0x1 /opt/devkitpro/libnx/lib/libnx.a(fs_dev.o)
 *fill*         0x0000000000015161        0x7 
 .bss.g_AddressSpace
                0x0000000000015168       0x10 /opt/devkitpro/libnx/lib/libnx.a(virtmem.o)
 .bss.g_CurrentAddr
                0x0000000000015178        0x8 /opt/devkitpro/libnx/lib/libnx.a(virtmem.o)
 .bss.g_Region  0x0000000000015180       0x30 /opt/devkitpro/libnx/lib/libnx.a(virtmem.o)
 .bss.g_VirtMemMutex
                0x00000000000151b0        0x4 /opt/devkitpro/libnx/lib/libnx.a(virtmem.o)
 *fill*         0x00000000000151b4        0x4 
 .bss.__nx_applet_PerformanceConfiguration
                0x00000000000151b8        0x8 /opt/devkitpro/libnx/lib/libnx.a(applet.o)
                0x00000000000151b8                __nx_applet_PerformanceConfiguration
 .bss.__nx_applet_exit_mode
                0x00000000000151c0        0x4 /opt/devkitpro/libnx/lib/libnx.a(applet.o)
                0x00000000000151c0                __nx_applet_exit_mode
 .bss.g_appletExitProcessFlag
                0x00000000000151c4        0x1 /opt/devkitpro/libnx/lib/libnx.a(applet.o)
 .bss.g_appletFocusState
                0x00000000000151c5        0x1 /opt/devkitpro/libnx/lib/libnx.a(applet.o)
 *fill*         0x00000000000151c6        0x2 
 .bss.g_appletIApplicationCreator
                0x00000000000151c8        0xc /opt/devkitpro/libnx/lib/libnx.a(applet.o)
 *fill*         0x00000000000151d4        0x4 
 .bss.g_appletIAudioController
                0x00000000000151d8        0xc /opt/devkitpro/libnx/lib/libnx.a(applet.o)
 *fill*         0x00000000000151e4        0x4 
 .bss.g_appletICommonStateGetter
                0x00000000000151e8        0xc /opt/devkitpro/libnx/lib/libnx.a(applet.o)
 *fill*         0x00000000000151f4        0x4 
 .bss.g_appletIDebugFunctions
                0x00000000000151f8        0xc /opt/devkitpro/libnx/lib/libnx.a(applet.o)
 *fill*         0x0000000000015204        0x4 
 .bss.g_appletIDisplayController
                0x0000000000015208        0xc /opt/devkitpro/libnx/lib/libnx.a(applet.o)
 *fill*         0x0000000000015214        0x4 
 .bss.g_appletIFunctions
                0x0000000000015218        0xc /opt/devkitpro/libnx/lib/libnx.a(applet.o)
 *fill*         0x0000000000015224        0x4 
 .bss.g_appletIGlobalStateController
                0x0000000000015228        0xc /opt/devkitpro/libnx/lib/libnx.a(applet.o)
 *fill*         0x0000000000015234        0x4 
 .bss.g_appletILibraryAppletCreator
                0x0000000000015238        0xc /opt/devkitpro/libnx/lib/libnx.a(applet.o)
 *fill*         0x0000000000015244        0x4 
 .bss.g_appletILibraryAppletSelfAccessor
                0x0000000000015248        0xc /opt/devkitpro/libnx/lib/libnx.a(applet.o)
 *fill*         0x0000000000015254        0x4 
 .bss.g_appletIProcessWindingController
                0x0000000000015258        0xc /opt/devkitpro/libnx/lib/libnx.a(applet.o)
 *fill*         0x0000000000015264        0x4 
 .bss.g_appletISelfController
                0x0000000000015268        0xc /opt/devkitpro/libnx/lib/libnx.a(applet.o)
 *fill*         0x0000000000015274        0x4 
 .bss.g_appletIWindowController
                0x0000000000015278        0xc /opt/devkitpro/libnx/lib/libnx.a(applet.o)
 *fill*         0x0000000000015284        0x4 
 .bss.g_appletMessageEvent
                0x0000000000015288        0xc /opt/devkitpro/libnx/lib/libnx.a(applet.o)
 .bss.g_appletNotifiedRunning
                0x0000000000015294        0x1 /opt/devkitpro/libnx/lib/libnx.a(applet.o)
 .bss.g_appletOperationMode
                0x0000000000015295        0x1 /opt/devkitpro/libnx/lib/libnx.a(applet.o)
 *fill*         0x0000000000015296        0x2 
 .bss.g_appletPerformanceMode
                0x0000000000015298        0x4 /opt/devkitpro/libnx/lib/libnx.a(applet.o)
 *fill*         0x000000000001529c        0x4 
 .bss.g_appletProxySession
                0x00000000000152a0        0xc /opt/devkitpro/libnx/lib/libnx.a(applet.o)
 .bss.g_appletRecordingInitialized
                0x00000000000152ac        0x4 /opt/devkitpro/libnx/lib/libnx.a(applet.o)
 .bss.g_appletRecordingTmem
                0x00000000000152b0       0x28 /opt/devkitpro/libnx/lib/libnx.a(applet.o)
 .bss.g_appletResourceUserId
                0x00000000000152d8        0x8 /opt/devkitpro/libnx/lib/libnx.a(applet.o)
 .bss.g_appletSrv
                0x00000000000152e0        0xc /opt/devkitpro/libnx/lib/libnx.a(applet.o)
 *fill*         0x00000000000152ec        0x4 
 .bss.g_refCnt  0x00000000000152f0        0x8 /opt/devkitpro/libnx/lib/libnx.a(applet.o)
 .bss.g_refCnt  0x00000000000152f8        0x8 /opt/devkitpro/libnx/lib/libnx.a(time.o)
 .bss.g_timeLocalSystemClock
                0x0000000000015300        0xc /opt/devkitpro/libnx/lib/libnx.a(time.o)
 *fill*         0x000000000001530c        0x4 
 .bss.g_timeNetworkSystemClock
                0x0000000000015310        0xc /opt/devkitpro/libnx/lib/libnx.a(time.o)
 *fill*         0x000000000001531c        0x4 
 .bss.g_timeSrv
                0x0000000000015320        0xc /opt/devkitpro/libnx/lib/libnx.a(time.o)
 *fill*         0x000000000001532c        0x4 
 .bss.g_timeTimeZoneService
                0x0000000000015330        0xc /opt/devkitpro/libnx/lib/libnx.a(time.o)
 *fill*         0x000000000001533c        0x4 
 .bss.g_timeUserSystemClock
                0x0000000000015340        0xc /opt/devkitpro/libnx/lib/libnx.a(time.o)
 *fill*         0x000000000001534c        0x4 
 .bss.g_controllerDown
                0x0000000000015350       0x50 /opt/devkitpro/libnx/lib/libnx.a(hid.o)
 .bss.g_controllerEntries
                0x00000000000153a0      0x1e0 /opt/devkitpro/libnx/lib/libnx.a(hid.o)
 .bss.g_controllerHeaders
                0x0000000000015580      0x190 /opt/devkitpro/libnx/lib/libnx.a(hid.o)
 .bss.g_controllerHeld
                0x0000000000015710       0x50 /opt/devkitpro/libnx/lib/libnx.a(hid.o)
 .bss.g_controllerLayout
                0x0000000000015760       0x28 /opt/devkitpro/libnx/lib/libnx.a(hid.o)
 .bss.g_controllerOld
                0x0000000000015788       0x50 /opt/devkitpro/libnx/lib/libnx.a(hid.o)
 .bss.g_controllerP1AutoID
                0x00000000000157d8        0x4 /opt/devkitpro/libnx/lib/libnx.a(hid.o)
 *fill*         0x00000000000157dc        0x4 
 .bss.g_controllerTimestamps
                0x00000000000157e0       0x50 /opt/devkitpro/libnx/lib/libnx.a(hid.o)
 .bss.g_controllerUp
                0x0000000000015830       0x50 /opt/devkitpro/libnx/lib/libnx.a(hid.o)
 .bss.g_hidIAppletResource
                0x0000000000015880        0xc /opt/devkitpro/libnx/lib/libnx.a(hid.o)
 *fill*         0x000000000001588c        0x4 
 .bss.g_hidLock
                0x0000000000015890       0x20 /opt/devkitpro/libnx/lib/libnx.a(hid.o)
 .bss.g_hidSharedmem
                0x00000000000158b0       0x20 /opt/devkitpro/libnx/lib/libnx.a(hid.o)
 .bss.g_hidSrv  0x00000000000158d0        0xc /opt/devkitpro/libnx/lib/libnx.a(hid.o)
 *fill*         0x00000000000158dc        0x4 
 .bss.g_keyboardDown
                0x00000000000158e0       0x20 /opt/devkitpro/libnx/lib/libnx.a(hid.o)
 .bss.g_keyboardEntry
                0x0000000000015900       0x38 /opt/devkitpro/libnx/lib/libnx.a(hid.o)
 .bss.g_keyboardHeld
                0x0000000000015938       0x20 /opt/devkitpro/libnx/lib/libnx.a(hid.o)
 .bss.g_keyboardModDown
                0x0000000000015958        0x8 /opt/devkitpro/libnx/lib/libnx.a(hid.o)
 .bss.g_keyboardModHeld
                0x0000000000015960        0x8 /opt/devkitpro/libnx/lib/libnx.a(hid.o)
 .bss.g_keyboardModOld
                0x0000000000015968        0x8 /opt/devkitpro/libnx/lib/libnx.a(hid.o)
 .bss.g_keyboardModUp
                0x0000000000015970        0x8 /opt/devkitpro/libnx/lib/libnx.a(hid.o)
 .bss.g_keyboardOld
                0x0000000000015978       0x20 /opt/devkitpro/libnx/lib/libnx.a(hid.o)
 .bss.g_keyboardTimestamp
                0x0000000000015998        0x8 /opt/devkitpro/libnx/lib/libnx.a(hid.o)
 .bss.g_keyboardUp
                0x00000000000159a0       0x20 /opt/devkitpro/libnx/lib/libnx.a(hid.o)
 .bss.g_mouseDown
                0x00000000000159c0        0x8 /opt/devkitpro/libnx/lib/libnx.a(hid.o)
 .bss.g_mouseEntry
                0x00000000000159c8       0x30 /opt/devkitpro/libnx/lib/libnx.a(hid.o)
 .bss.g_mouseHeld
                0x00000000000159f8        0x8 /opt/devkitpro/libnx/lib/libnx.a(hid.o)
 .bss.g_mouseOld
                0x0000000000015a00        0x8 /opt/devkitpro/libnx/lib/libnx.a(hid.o)
 .bss.g_mouseTimestamp
                0x0000000000015a08        0x8 /opt/devkitpro/libnx/lib/libnx.a(hid.o)
 .bss.g_mouseUp
                0x0000000000015a10        0x8 /opt/devkitpro/libnx/lib/libnx.a(hid.o)
 .bss.g_refCnt  0x0000000000015a18        0x8 /opt/devkitpro/libnx/lib/libnx.a(hid.o)
 .bss.g_sixaxisEnabled
                0x0000000000015a20        0xa /opt/devkitpro/libnx/lib/libnx.a(hid.o)
 *fill*         0x0000000000015a2a        0x6 
 .bss.g_sixaxisLayouts
                0x0000000000015a30     0x4650 /opt/devkitpro/libnx/lib/libnx.a(hid.o)
 .bss.g_touchEntry
                0x000000000001a080      0x298 /opt/devkitpro/libnx/lib/libnx.a(hid.o)
 .bss.g_touchTimestamp
                0x000000000001a318        0x8 /opt/devkitpro/libnx/lib/libnx.a(hid.o)
 .bss.g_apmISession
                0x000000000001a320        0xc /opt/devkitpro/libnx/lib/libnx.a(apm.o)
 *fill*         0x000000000001a32c        0x4 
 .bss.g_apmSrv  0x000000000001a330        0xc /opt/devkitpro/libnx/lib/libnx.a(apm.o)
 *fill*         0x000000000001a33c        0x4 
 .bss.g_refCnt  0x000000000001a340        0x8 /opt/devkitpro/libnx/lib/libnx.a(apm.o)
 .bss.g_refCnt  0x000000000001a348        0x8 /opt/devkitpro/libnx/lib/libnx.a(sm.o)
 .bss.g_smHandle
                0x000000000001a350        0x4 /opt/devkitpro/libnx/lib/libnx.a(sm.o)
 *fill*         0x000000000001a354        0x4 
 .bss.g_smOverrides
                0x000000000001a358      0x200 /opt/devkitpro/libnx/lib/libnx.a(sm.o)
 .bss.g_smOverridesNum
                0x000000000001a558        0x8 /opt/devkitpro/libnx/lib/libnx.a(sm.o)
 .bss.g_fsSrv   0x000000000001a560        0xc /opt/devkitpro/libnx/lib/libnx.a(fs.o)
 *fill*         0x000000000001a56c        0x4 
 .bss.g_refCnt  0x000000000001a570        0x8 /opt/devkitpro/libnx/lib/libnx.a(fs.o)
 .bss.g_HasCached
                0x000000000001a578        0x1 /opt/devkitpro/libnx/lib/libnx.a(detect.o)
 .bss.g_IsAbove200
                0x000000000001a579        0x1 /opt/devkitpro/libnx/lib/libnx.a(detect.o)
 .bss.g_IsAbove300
                0x000000000001a57a        0x1 /opt/devkitpro/libnx/lib/libnx.a(detect.o)
 .bss.g_IsAbove400
                0x000000000001a57b        0x1 /opt/devkitpro/libnx/lib/libnx.a(detect.o)
 .bss.g_IsAbove500
                0x000000000001a57c        0x1 /opt/devkitpro/libnx/lib/libnx.a(detect.o)
 .bss.g_IsAbove600
                0x000000000001a57d        0x1 /opt/devkitpro/libnx/lib/libnx.a(detect.o)
 *fill*         0x000000000001a57e        0x2 
 .bss.g_Mutex   0x000000000001a580        0x4 /opt/devkitpro/libnx/lib/libnx.a(detect.o)
 *fill*         0x000000000001a584        0x4 
 .bss.__malloc_current_mallinfo
                0x000000000001a588       0x28 /opt/devkitpro/devkitA64/lib/gcc/aarch64-none-elf/8.2.0/../../../../aarch64-none-elf/lib/pic/libg.a(lib_a-mallocr.o)
                0x000000000001a588                __malloc_current_mallinfo
 .bss.__malloc_max_sbrked_mem
                0x000000000001a5b0        0x8 /opt/devkitpro/devkitA64/lib/gcc/aarch64-none-elf/8.2.0/../../../../aarch64-none-elf/lib/pic/libg.a(lib_a-mallocr.o)
                0x000000000001a5b0                __malloc_max_sbrked_mem
 .bss.__malloc_max_total_mem
                0x000000000001a5b8        0x8 /opt/devkitpro/devkitA64/lib/gcc/aarch64-none-elf/8.2.0/../../../../aarch64-none-elf/lib/pic/libg.a(lib_a-mallocr.o)
                0x000000000001a5b8                __malloc_max_total_mem
 .bss.__malloc_top_pad
                0x000000000001a5c0        0x8 /opt/devkitpro/devkitA64/lib/gcc/aarch64-none-elf/8.2.0/../../../../aarch64-none-elf/lib/pic/libg.a(lib_a-mallocr.o)
                0x000000000001a5c0                __malloc_top_pad
 .bss.__malloc_recursive_mutex
                0x000000000001a5c8        0xc /opt/devkitpro/devkitA64/lib/gcc/aarch64-none-elf/8.2.0/../../../../aarch64-none-elf/lib/pic/libg.a(lib_a-mlock.o)
 .bss.alloced.4037
                0x000000000001a5d4        0x4 /opt/devkitpro/devkitA64/lib/gcc/aarch64-none-elf/8.2.0/../../../../aarch64-none-elf/lib/pic/libg.a(lib_a-setenv_r.o)
 .bss.__atexit_recursive_mutex
                0x000000000001a5d8        0xc /opt/devkitpro/devkitA64/lib/gcc/aarch64-none-elf/8.2.0/../../../../aarch64-none-elf/lib/pic/libg.a(lib_a-__call_atexit.o)
                0x000000000001a5d8                __atexit_recursive_mutex
 *fill*         0x000000000001a5e4        0x4 
 .bss.initial_env
                0x000000000001a5e8        0x8 /opt/devkitpro/devkitA64/lib/gcc/aarch64-none-elf/8.2.0/../../../../aarch64-none-elf/lib/pic/libg.a(lib_a-environ.o)
 .bss.__env_recursive_mutex
                0x000000000001a5f0        0xc /opt/devkitpro/devkitA64/lib/gcc/aarch64-none-elf/8.2.0/../../../../aarch64-none-elf/lib/pic/libg.a(lib_a-envlock.o)
 *fill*         0x000000000001a5fc        0x4 
 .bss.heap_start.5228
                0x000000000001a600        0x8 /opt/devkitpro/devkitA64/lib/gcc/aarch64-none-elf/8.2.0/../../../../aarch64-none-elf/lib/pic/libsysbase.a(sbrk.o)
 .bss.fake_heap_end
                0x000000000001a608        0x8 /opt/devkitpro/devkitA64/lib/gcc/aarch64-none-elf/8.2.0/../../../../aarch64-none-elf/lib/pic/libsysbase.a(malloc_vars.o)
                0x000000000001a608                fake_heap_end
 .bss.fake_heap_start
                0x000000000001a610        0x8 /opt/devkitpro/devkitA64/lib/gcc/aarch64-none-elf/8.2.0/../../../../aarch64-none-elf/lib/pic/libsysbase.a(malloc_vars.o)
                0x000000000001a610                fake_heap_start
 .bss.temp_cwd  0x000000000001a618      0x400 /opt/devkitpro/devkitA64/lib/gcc/aarch64-none-elf/8.2.0/../../../../aarch64-none-elf/lib/pic/libsysbase.a(chdir.o)
 .bss.__syscalls
                0x000000000001aa18       0x90 /opt/devkitpro/devkitA64/lib/gcc/aarch64-none-elf/8.2.0/../../../../aarch64-none-elf/lib/pic/libsysbase.a(syscall_support.o)
                0x000000000001aa18                __syscalls
 *(COMMON)
 COMMON         0x000000000001aaa8        0x8 /opt/devkitpro/libnx/lib/libnx.a(init.o)
                0x000000000001aaa8                __stack_top
 COMMON         0x000000000001aab0       0x14 /opt/devkitpro/libnx/lib/libnx.a(argv.o)
                0x000000000001aab0                __system_argv
                0x000000000001aab8                __system_argc
                0x000000000001aac0                __nxlink_host
                0x000000000001aac8                . = ALIGN (0x8)
 *fill*         0x000000000001aac4        0x4 
                0x000000000001aac8                __tls_start = .
                0x000000000001eed0                . = (. + (SIZEOF (.tdata) + SIZEOF (.tbss)))
 *fill*         0x000000000001aac8     0x4408 
                0x000000000001eed0                __tls_end = .
                0x000000000001eed0                __bss_end__ = .
                0x000000000001eed0                __end__ = ABSOLUTE (.)